#---------------------------#
# DEBUG AREA 1S (WATER)
@token    = debug-area-1s
@name     = DEBUG Area 1S
@size     = 10 x 13
@sheet    = mmrpg-overworld-2k25
#---------------------------#
@field    = waterfall-institute
@terrain[]   = beach(oil-wells)
#---------------------------#
@mechas   = snapper(5),octone(5),shelln(1)
@habitats[]  = octone(water)
@habitats[]  = shelln(beach,water)
@habitats[]  = snapper(beach)
#---------------------------#
@portals[]  = spawn(5-2, hidden)
@portals[]  = goto__debug-area-1(5-2)
#---------------------------#
[00],[00],[99],[99],[99],[99],[99],[99],[00],[00]
[00],[99],[99],[99],[40],[99],[99],[99],[99],[00]
[00],[99],[99],[40],[40],[40],[99],[99],[99],[00]
[00],[99],[99],[40],[40],[40],[99],[40],[99],[00]
[00],[99],[99],[40],[40],[40],[99],[99],[99],[00]
[00],[99],[99],[99],[40],[40],[40],[99],[99],[00]
[00],[99],[99],[99],[99],[40],[40],[99],[99],[00]
[00],[99],[99],[99],[99],[40],[99],[99],[99],[00]
[00],[99],[99],[99],[40],[40],[99],[99],[99],[00]
[00],[99],[99],[40],[40],[99],[99],[99],[99],[00]
[00],[99],[99],[99],[99],[99],[99],[99],[99],[00]
[00],[00],[99],[99],[99],[99],[99],[99],[00],[00]
[00],[00],[00],[00],[00],[00],[00],[00],[00],[00]
#---------------------------#
