#---------------------------#
# DEBUG AREA 1
@token    = debug-area-1
@name     = DEBUG AREA 1
@size     = 11 x 11 x 80 x 80
@sheet    = overworld-experiment-v2025-tileset.png
#---------------------------#
@field    = gentle-countryside
@mechas   = met
#---------------------------#
00,00,00,00,00,00,00,00,00,00,00
00,00,00,00,00,00,00,00,00,00,00
00,00,14,02,02,02,02,02,15,00,00
00,00,01,01,01,10,01,01,01,00,00
00,00,01,01,01,01,01,01,01,00,00
00,00,01,04,01,01,01,07,01,00,00
00,00,01,01,01,01,01,01,01,00,00
00,00,01,01,01,13,01,01,01,00,00
00,00,16,03,03,03,03,03,17,00,00
00,00,00,00,00,00,00,00,00,00,00
00,00,00,00,00,00,00,00,00,00,00
#---------------------------#
@tiles[]    = void(0, 40, 700)
@tiles[]    = grass(1, 200, 200)
@tiles[]    = grass-top(2, 200, 120)
@tiles[]    = grass-bot(3, 200, 280)
@tiles[]    = ground(4, 280, 200)
@tiles[]    = ground-top(5, 280, 120)
@tiles[]    = ground-bottom(6, 280, 280)
@tiles[]    = desert(7, 440, 200)
@tiles[]    = desert-top(8, 440, 120)
@tiles[]    = desert-bottom(9, 440, 280)
@tiles[]    = tundra(10, 360, 200)
@tiles[]    = tundra-top(11, 360, 120)
@tiles[]    = tundra-bottom(12, 360, 280)
@tiles[]    = water(13, 440, 40)
@tiles[]    = grass-top-left(14, 520, 200)
@tiles[]    = grass-top-right(15, 520, 120)
@tiles[]    = grass-bottom-left(16, 520, 280)
@tiles[]    = grass-bottom-right(17, 520, 360)
#---------------------------#
@sprites[]  = grid(40, 520)
@sprites[]  = hover(40, 520)
@sprites[]  = focus(200, 520)
#---------------------------#
@portals[]  = spawn(6, 6)
@portals[]  = goto__debug-area-1n(6, 4)
@portals[]  = goto__debug-area-1s(6, 8)
@portals[]  = goto__debug-area-1w(4, 6)
@portals[]  = goto__debug-area-1e(8, 6)
#---------------------------#
