#---------------------------#
# DEBUG AREA 1SW (TOWER)
@token    = debug-area-1sw
@name     = DEBUG Area 1SW
@level    = 30
@size     = 8 x 44
@sheet    = mmrpg-overworld-2k25
#---------------------------#
@portals[]  = spawn(8-12, hidden)
@portals[]  = goto__debug-area-1w2(4-1, 5-25, hidden)
@portals[]  = goto__debug-area-1s2(7-41, 1-8, hidden)
#---------------------------#
@field        = electrical-tower
#---------------------------#
@terrain[]   = plain(electrical-tower)
@terrain[]   = ground(maniacal-hideaway)
@terrain[]   = beach(oil-wells)
#---------------------------#
@encounters   = spine(10),elec-n(9),bulb-blaster(8),nitron-y(7),plasma-plus(6),electriri(5),beak(3),snapper(6)
#---------------------------#
@habitats[]  = spine(ground)
@habitats[]  = elec-n(plain)
@habitats[]  = bulb-blaster(plain)
@habitats[]  = nitron-y(plain)
@habitats[]  = plasma-plus(plain)
@habitats[]  = electriri(plain)
@habitats[]  = beak(ground)
@habitats[]  = snapper(beach)
#---------------------------#
@bosses[]     = static-mecha-1(5-41, gachappon)
#---------------------------#
@bosses[]     = roaming-boss-1(4-3, elec-man)
@bosses[]     = roaming-boss-2(5-6, bright-man)
@bosses[]     = roaming-boss-3(5-10, fuse-man)
@bosses[]     = roaming-boss-4(4-16, spark-man)
@bosses[]     = roaming-boss-5(5-26, dynamo-man)
@bosses[]     = roaming-boss-6(4-34, plug-man)
#---------------------------#
[__],[__],[__],[20],[__],[__],[__],[__]
[__],[__],[02],[20],[02],[02],[__],[__]
[__],[__],[01],[20],[01],[01],[__],[__]
[__],[__],[01],[20],[20],[01],[__],[__]
[__],[__],[01],[20],[20],[01],[__],[__]
[__],[__],[01],[20],[20],[01],[__],[__]
[__],[__],[01],[01],[20],[01],[__],[__]
[__],[__],[01],[01],[20],[01],[__],[__]
[__],[__],[__],[01],[20],[01],[__],[__]
[__],[__],[__],[01],[20],[01],[__],[__]
[__],[__],[01],[01],[20],[01],[__],[__]
[__],[__],[01],[20],[20],[01],[__],[__]
[__],[__],[01],[20],[01],[01],[__],[__]
[__],[__],[01],[20],[01],[01],[__],[__]
[__],[__],[01],[20],[01],[__],[__],[__]
[__],[__],[01],[20],[01],[__],[__],[__]
[__],[__],[01],[20],[01],[01],[__],[__]
[__],[__],[01],[20],[20],[01],[__],[__]
[__],[__],[01],[01],[20],[01],[__],[__]
[__],[__],[01],[01],[20],[01],[__],[__]
[__],[__],[01],[01],[20],[01],[__],[__]
[__],[__],[01],[01],[20],[01],[__],[__]
[__],[__],[01],[01],[20],[01],[__],[__]
[__],[__],[01],[01],[20],[01],[__],[__]
[__],[__],[__],[01],[20],[01],[__],[__]
[__],[__],[__],[01],[20],[01],[__],[__]
[__],[__],[01],[01],[20],[01],[__],[__]
[__],[__],[01],[20],[20],[01],[__],[__]
[__],[__],[01],[20],[01],[01],[__],[__]
[__],[__],[01],[20],[01],[01],[__],[__]
[__],[__],[01],[20],[01],[01],[__],[__]
[__],[__],[01],[20],[01],[01],[__],[__]
[__],[__],[01],[20],[01],[__],[__],[__]
[__],[__],[01],[20],[01],[__],[__],[__]
[__],[__],[01],[20],[01],[01],[__],[__]
[__],[__],[01],[20],[20],[01],[__],[__]
[__],[__],[01],[01],[20],[01],[__],[__]
[__],[__],[01],[01],[20],[01],[__],[__]
[__],[__],[01],[01],[20],[01],[__],[__]
[99],[40],[03],[03],[20],[03],[40],[99]
[99],[40],[40],[40],[40],[40],[40],[40]
[99],[42],[40],[40],[40],[40],[42],[99]
[99],[99],[42],[42],[42],[42],[99],[99]
[99],[99],[99],[99],[99],[99],[99],[99]
#---------------------------#
