#---------------------------#
# DEBUG AREA 1N2 (HIGH-TUNDRA)
@token    = debug-area-1n2
@name     = DEBUG Area 1N2
@level    = 50
@size     = 50 x 16
@sheet    = mmrpg-overworld-2k25
#---------------------------#
@portals[]  = spawn(25-13, hidden)
@portals[]  = goto__debug-area-1n(25-13, 8-4)
#---------------------------#
@field      = arctic-jungle
#---------------------------#
@encounters = frosty-throwman(123),curlinger(64),tel-tel(48),bomb-sleigh(24),nitron-b(12),peng(12),eggalodon(6),cline(1)
#---------------------------#
@terrain[]   = tundra(arctic-jungle)
@terrain[]   = water(wintry-forefront)
@terrain[]   = ground(mountain-mines)
#---------------------------#
@habitats[] = frosty-throwman(tundra)
@habitats[] = curlinger(tundra)
@habitats[] = tel-tel(tundra)
@habitats[] = bomb-sleigh(tundra)
@habitats[] = nitron-b(tundra)
@habitats[] = peng(water)
@habitats[] = eggalodon(ground)
@habitats[] = cline(tundra)
#---------------------------#
@bosses[]     = north-west-boss(5-5, freeze-man)
@bosses[]     = south-west-boss(5-13, cold-man)
@bosses[]     = north-east-boss(19-9, chill-man)
@bosses[]     = south-east-boss(38-11, tundra-man)
#---------------------------#
[__],[__],[__],[__],[__],[__],[__],[__],[__],[__],[__],[__],[__],[__],[__],[__],[__],[__],[__],[__],[__],[__],[__],[__],[__],[__],[__],[__],[__],[__],[__],[__],[__],[__],[__],[__],[__],[__],[__],[__],[__],[__],[__],[__],[__],[__],[__],[__],[__],[__]
[__],[__],[51],[51],[51],[51],[51],[51],[__],[__],[51],[51],[51],[51],[51],[51],[51],[51],[51],[51],[51],[51],[51],[51],[51],[51],[51],[51],[51],[51],[51],[51],[51],[51],[51],[51],[51],[51],[51],[51],[51],[51],[51],[51],[51],[51],[51],[51],[__],[__]
[__],[51],[50],[50],[50],[50],[50],[50],[51],[51],[50],[50],[50],[50],[50],[50],[50],[50],[50],[50],[50],[50],[50],[50],[50],[50],[50],[50],[50],[50],[50],[50],[50],[50],[50],[50],[50],[50],[50],[50],[50],[50],[50],[50],[50],[50],[50],[50],[50],[__]
[__],[20],[20],[50],[50],[50],[50],[50],[50],[50],[50],[50],[50],[50],[50],[50],[50],[50],[50],[50],[50],[50],[50],[50],[50],[50],[50],[50],[__],[50],[50],[50],[50],[50],[50],[50],[50],[50],[50],[50],[50],[50],[50],[50],[50],[50],[50],[50],[50],[__]
[__],[20],[50],[50],[50],[50],[50],[50],[50],[50],[50],[50],[50],[50],[50],[50],[50],[__],[__],[50],[50],[50],[50],[50],[50],[50],[__],[__],[__],[50],[50],[50],[50],[50],[50],[50],[50],[50],[50],[50],[50],[50],[__],[__],[50],[50],[50],[50],[50],[__]
[__],[20],[50],[50],[50],[50],[50],[50],[52],[52],[50],[50],[50],[50],[50],[50],[50],[__],[50],[50],[50],[50],[50],[50],[50],[50],[__],[__],[__],[50],[50],[50],[50],[50],[50],[50],[50],[50],[50],[50],[50],[50],[__],[__],[__],[__],[__],[50],[50],[__]
[__],[20],[52],[52],[50],[50],[52],[52],[__],[__],[52],[50],[50],[50],[50],[50],[50],[50],[50],[50],[50],[50],[50],[50],[50],[50],[__],[50],[50],[50],[50],[50],[__],[50],[50],[50],[50],[99],[99],[50],[50],[50],[50],[50],[__],[__],[__],[__],[50],[__]
[__],[20],[__],[__],[50],[50],[__],[__],[__],[__],[__],[52],[52],[50],[50],[50],[50],[50],[50],[50],[50],[50],[50],[50],[50],[50],[__],[50],[50],[50],[50],[__],[50],[__],[50],[50],[99],[99],[99],[50],[50],[50],[50],[50],[50],[50],[__],[__],[50],[__]
[__],[20],[__],[__],[50],[50],[51],[__],[__],[__],[__],[__],[__],[50],[50],[50],[50],[50],[50],[50],[50],[50],[50],[__],[50],[50],[50],[50],[50],[50],[50],[50],[__],[50],[50],[99],[99],[99],[50],[50],[50],[50],[50],[50],[50],[50],[50],[__],[50],[__]
[__],[__],[51],[51],[50],[50],[50],[51],[__],[__],[__],[__],[__],[50],[50],[50],[50],[50],[50],[50],[50],[50],[__],[__],[50],[50],[50],[50],[50],[50],[50],[__],[50],[50],[99],[99],[99],[50],[50],[50],[50],[50],[50],[__],[__],[__],[__],[__],[50],[__]
[__],[51],[50],[50],[50],[50],[50],[50],[51],[__],[__],[51],[51],[50],[50],[50],[50],[50],[50],[50],[50],[50],[50],[50],[50],[50],[50],[50],[50],[50],[50],[50],[50],[__],[99],[99],[99],[50],[50],[50],[50],[50],[50],[__],[__],[__],[__],[__],[50],[__]
[__],[50],[50],[50],[50],[50],[50],[50],[50],[51],[51],[50],[50],[50],[50],[50],[50],[50],[50],[50],[50],[50],[50],[50],[50],[50],[50],[50],[50],[__],[__],[50],[99],[99],[99],[99],[99],[99],[50],[50],[50],[50],[50],[20],[20],[99],[99],[20],[50],[__]
[__],[50],[99],[99],[50],[50],[50],[50],[50],[50],[50],[50],[50],[50],[50],[50],[50],[50],[50],[50],[50],[50],[50],[50],[50],[50],[50],[50],[__],[__],[50],[50],[99],[99],[99],[99],[99],[99],[50],[50],[50],[50],[20],[20],[99],[99],[20],[20],[50],[__]
[__],[52],[99],[99],[99],[50],[50],[50],[52],[52],[52],[50],[50],[50],[50],[50],[50],[50],[50],[50],[50],[50],[50],[50],[50],[50],[50],[50],[50],[50],[50],[50],[50],[99],[99],[99],[50],[50],[50],[50],[50],[20],[20],[20],[20],[20],[20],[50],[50],[__]
[__],[__],[52],[52],[52],[52],[52],[52],[__],[__],[__],[52],[52],[52],[52],[52],[52],[52],[52],[52],[52],[52],[52],[52],[52],[52],[52],[52],[52],[52],[52],[52],[52],[52],[52],[52],[52],[52],[52],[52],[52],[52],[52],[52],[52],[52],[52],[52],[__],[__]
[__],[__],[__],[__],[__],[__],[__],[__],[__],[__],[__],[__],[__],[__],[__],[__],[__],[__],[__],[__],[__],[__],[__],[__],[__],[__],[__],[__],[__],[__],[__],[__],[__],[__],[__],[__],[__],[__],[__],[__],[__],[__],[__],[__],[__],[__],[__],[__],[__],[__]
#---------------------------#
