#---------------------------#
# DEBUG AREA 1
@token       = debug-area-1
@name        = DEBUG Area 1
@level       = 1
@size        = 11 x 24
@sheet       = mmrpg-overworld-2k25
#---------------------------#
@portals[]   = spawn(6-8)
@portals[]   = goto__debug-area-1n(6-6, 8-12)
@portals[]   = goto__debug-area-1s(6-10, 5-2)
@portals[]   = goto__debug-area-1w(4-8, 17-4)
@portals[]   = goto__debug-area-1e(8-8, 3-4)
@portals[]   = goto__debug-area-0(6-21, 10-6)
@portals[]   = goto__debug-area-99(6-3, locked)
#---------------------------#
@field       = gentle-countryside
#---------------------------#
@encounters  = met(2),trille-bot(1)
#---------------------------#
@terrain[]   = grass(gentle-countryside)
@terrain[]   = subspace(prototype-subspace)
#---------------------------#
@habitats[]  = met(grass)
@habitats[]  = trille-bot(subspace)
#---------------------------#
@mechas[]    = west-portal-mecha(4-8, rockscotch)
@mechas[]    = east-portal-mecha(8-8, antlin-g)
@mechas[]    = north-portal-mecha(6-6, frosty-throwman)
@mechas[]    = south-portal-mecha(6-10, octone)
#---------------------------#
@bosses[]    = subspace-portal-boss(6-21, trill, speed)
#---------------------------#
@buttons[]   = subspace-button(6-22, purple, up, set-group-terrain, subspace-path, subspace)
#---------------------------#
@groups[]    = subspace-path(6-12, 6-13, 6-14, 6-15)
@groups[]    = subspace-path-ends(6-11, 6-16)
@groups[]    = under-subspace-button(5-22, 5-23, 6-23, 7-23, 7-22)
@groups[]    = no-encounters(under-subspace-button, subspace-path, subspace-path-ends)
#---------------------------#
[__],[__],[__],[__],[__],[__],[__],[__],[__],[__],[__]
[__],[__],[__],[__],[__],[__],[__],[__],[__],[__],[__]
[__],[__],[__],[__],[__],[11],[__],[__],[__],[__],[__]
[__],[__],[__],[__],[__],[10],[__],[__],[__],[__],[__]
[__],[__],[13],[11],[11],[10],[11],[11],[14],[__],[__]
[__],[__],[10],[10],[10],[50],[10],[10],[10],[__],[__]
[__],[__],[10],[10],[10],[10],[10],[10],[10],[__],[__]
[__],[__],[10],[20],[10],[10],[10],[30],[10],[__],[__]
[__],[__],[10],[10],[10],[10],[10],[10],[10],[__],[__]
[__],[__],[10],[10],[10],[40],[10],[10],[10],[__],[__]
[__],[__],[15],[12],[12],[10],[12],[12],[16],[__],[__]
[__],[__],[__],[__],[__],[__],[__],[__],[__],[__],[__]
[__],[__],[__],[__],[__],[__],[__],[__],[__],[__],[__]
[__],[__],[__],[__],[__],[__],[__],[__],[__],[__],[__]
[__],[__],[__],[__],[__],[91],[__],[__],[__],[__],[__]
[__],[__],[__],[__],[91],[90],[91],[__],[__],[__],[__]
[__],[__],[__],[91],[90],[90],[90],[91],[__],[__],[__]
[__],[__],[91],[90],[90],[90],[90],[90],[91],[__],[__]
[__],[__],[90],[90],[90],[90],[90],[90],[90],[__],[__]
[__],[__],[90],[90],[90],[90],[90],[90],[90],[__],[__]
[__],[__],[92],[90],[90],[90],[90],[90],[92],[__],[__]
[__],[__],[__],[92],[90],[90],[90],[92],[__],[__],[__]
[__],[__],[__],[__],[92],[92],[92],[__],[__],[__],[__]
[__],[__],[__],[__],[__],[__],[__],[__],[__],[__],[__]
#---------------------------#
