#---------------------------#
# DEBUG AREA 1N2 (HIGH-TUNDRA)
@token    = debug-area-1n2
@name     = DEBUG Area 1N2
@level    = 50
@size     = 50 x 16
@sheet    = mmrpg-overworld-2k25-v3
#---------------------------#
@field      = arctic-jungle
#---------------------------#
@aliases[] = 10:plain-field
@aliases[] = 30:mountain-mines
@aliases[] = 60:arctic-jungle
@aliases[] = 90:water
#---------------------------#
@portals[]  = spawn(25-13, hidden)
#---------------------------#
@portals[]  = subspace-portal(23-5, debug-area-0__arctic-portal, purple-alt)
@locks[]    = crystal-portal-flower(23-5, portal-flower, crystal, items:crystal-core, x10, locked)
#---------------------------#
@portals[]  = south-exit(25-16, debug-area-1n__north-exit, down-only)
@groups[]   = no-encounters_south-exit(24-15...26-16)
#---------------------------#
@pickups      = crystal-core(10),speed-pellet(6),speed-capsule(3),energy-pellet(2),energy-capsule(1),small-screw(10),large-screw(5)
#---------------------------#
@encounters   = frosty-throwman(120),tel-tel(48),curlinger(48),crystal-joe(24),bomb-sleigh(24),nitron-b(12),peng(12),eggalodon(6),cline(1)
#---------------------------#
@actors[]     = purple-reset-dude(48-14, robot, anti-eddie, -, default)
@actors[]     = stellar-lady-kalinka(28-4, player, kalinka, -, first-encounter)
#---------------------------#
@terrain[]   = arctic-jungle(arctic-jungle)
@terrain[]   = mountain-mines(mountain-mines)
@terrain[]   = water(space-simulator)
#---------------------------#
@habitats[] = frosty-throwman(arctic-jungle)
@habitats[] = curlinger(arctic-jungle)
@habitats[] = tel-tel(arctic-jungle)
@habitats[] = bomb-sleigh(arctic-jungle)
@habitats[] = nitron-b(arctic-jungle)
@habitats[] = peng(arctic-jungle)
@habitats[] = eggalodon(mountain-mines)
@habitats[] = cline(arctic-jungle)
#---------------------------#
@bosses[]     = roaming-boss-1(5-5, freeze-man)
@bosses[]     = roaming-boss-2(5-13, cold-man)
@bosses[]     = roaming-boss-3(19-9, chill-man)
@bosses[]     = roaming-boss-4(35-4, skull-man)
@bosses[]     = roaming-boss-5(38-11, tundra-man)
@bosses[]     = roaming-boss-6(46-4, crystal-man)
#---------------------------#
@items[]     = boss-star-1(5-5, freeze-star, freeze-man)
@items[]     = boss-star-2(5-13, freeze-star, cold-man)
@items[]     = boss-star-3(19-9, freeze-star, chill-man)
@items[]     = boss-star-4(35-4, shadow-star, skull-man)
@items[]     = boss-star-5(38-11, freeze-star, tundra-man)
@items[]     = boss-star-6(46-4, crystal-star, crystal-man)
#---------------------------#
#@items[]    = cossack-heart-3(4-5, cossack-heart__3)
#@items[]    = cossack-heart-4(18-9, cossack-heart__4)
#@items[]    = cossack-heart-5(36-4, cossack-heart__5)
#@items[]    = cossack-heart-6(38-10, cossack-heart__6)
#---------------------------#
@items[]     = rare-item-pickup-1(45-3, super-capsule, x1, once)
@items[]     = rare-item-pickup-2(47-3, super-capsule, x1, once)
@items[]     = rare-item-pickup-3(45-5, super-capsule, x1, once)
@items[]     = rare-item-pickup-4(47-5, super-capsule, x1, once)
@items[]     = rare-item-pickup-5(6-14, energy-tank, x1, once)
@items[]     = rare-item-pickup-6(4-12, weapon-tank, x1, once)
@items[]     = rare-item-pickup-7(10-9, yashichi, x1, once)
#---------------------------#
@blocks[]    = boss-door-east-b1(44-2, boss-block, vert-left)
@gates[]     = boss-door-east-g1(44-3, boss-door, vertical)
@gates[]     = boss-door-east-g2(44-4, boss-door, vertical)
@blocks[]    = boss-door-east-b2(44-5, boss-block, vert-left)
#---------------------------#
@blocks[]    = star-gate-east-b1(45-7, star-block, vert-left, x10)
@gates[]     = star-gate-east-g1(45-8, star-gate, vertical, x10)
@gates[]     = star-gate-east-g2(45-9, star-gate, vertical, x10)
@blocks[]    = star-gate-east-b2(45-10, star-block, vert-left, x10)
#---------------------------#
@items[]     = star-gate-pickup-1(47-8, extra-life, x1, once)
@items[]     = star-gate-pickup-2(47-9, extra-life, x1, once)
@items[]     = star-gate-pickup-3(49-8, extra-life, x1, once)
@items[]     = star-gate-pickup-4(49-9, extra-life, x1, once)
#---------------------------#
@mechas[]    = star-gate-mecha-1(46-8, kakinba-tank, 33)
@mechas[]    = star-gate-mecha-2(46-9, kakinba-tank, 33)
@mechas[]    = star-gate-mecha-3(48-8, kakinba-tank, 44)
@mechas[]    = star-gate-mecha-4(48-9, kakinba-tank, 44)
#---------------------------#
@blocks[]    = star-gate-blockade-1(50-8, barrier-block, blue-vert)
@blocks[]    = star-gate-blockade-2(50-9, barrier-block, blue-vert)
#---------------------------#
@layer = 0
#---------------------------#
[__],[__],[__],[__],[__],[__],[__],[__],[__],[__],[__],[__],[__],[__],[__],[__],[__],[__],[__],[__],[__],[__],[__],[__],[__],[__],[__],[__],[__],[__],[__],[__],[__],[__],[__],[__],[__],[__],[__],[__],[__],[__],[__],[__],[__],[__],[__],[__],[__],[__]
[__],[__],[60],[60],[60],[60],[60],[60],[__],[__],[60],[60],[60],[60],[60],[60],[60],[60],[60],[60],[60],[60],[60],[60],[60],[60],[60],[60],[60],[60],[60],[60],[60],[60],[60],[60],[60],[60],[60],[60],[60],[60],[60],[60],[60],[60],[60],[60],[__],[__]
[__],[60],[60],[60],[60],[60],[60],[60],[60],[60],[60],[60],[60],[60],[60],[60],[60],[60],[60],[60],[60],[60],[60],[60],[60],[60],[60],[60],[60],[60],[60],[60],[60],[60],[60],[60],[60],[60],[60],[60],[60],[60],[60],[60],[60],[60],[60],[60],[60],[__]
[__],[30],[30],[60],[60],[60],[60],[60],[60],[60],[60],[60],[60],[60],[60],[60],[60],[60],[60],[60],[60],[60],[60],[60],[60],[60],[60],[60],[__],[60],[60],[60],[60],[60],[60],[60],[60],[60],[60],[60],[60],[60],[60],[60],[60],[60],[60],[60],[60],[__]
[__],[30],[60],[60],[60],[60],[60],[60],[60],[60],[60],[60],[60],[60],[60],[60],[60],[__],[__],[60],[60],[60],[60],[60],[60],[60],[__],[__],[__],[60],[60],[60],[60],[60],[60],[60],[60],[60],[60],[60],[60],[60],[60],[60],[60],[60],[60],[60],[60],[__]
[__],[30],[60],[60],[60],[60],[60],[60],[60],[60],[60],[60],[60],[60],[60],[60],[60],[__],[60],[60],[60],[60],[60],[60],[60],[60],[__],[__],[__],[60],[60],[60],[60],[60],[60],[60],[60],[60],[60],[60],[60],[60],[__],[__],[__],[__],[__],[60],[60],[__]
[__],[30],[60],[60],[60],[60],[60],[60],[__],[__],[60],[60],[60],[60],[60],[60],[60],[60],[60],[60],[60],[60],[60],[60],[60],[60],[__],[60],[60],[60],[60],[60],[__],[60],[60],[60],[60],[__],[__],[60],[60],[60],[60],[60],[60],[__],[__],[__],[__],[__]
[__],[30],[__],[__],[60],[60],[__],[__],[__],[__],[__],[60],[60],[60],[60],[60],[60],[60],[60],[60],[60],[60],[60],[60],[60],[60],[__],[60],[60],[60],[60],[__],[60],[__],[60],[60],[__],[__],[__],[60],[60],[60],[60],[60],[60],[10],[10],[10],[10],[10]
[__],[30],[__],[__],[60],[60],[60],[__],[__],[60],[__],[__],[__],[60],[60],[60],[60],[60],[60],[60],[60],[60],[60],[__],[60],[60],[60],[60],[60],[60],[60],[60],[__],[60],[60],[__],[__],[__],[60],[60],[60],[60],[60],[60],[60],[10],[10],[10],[10],[10]
[__],[__],[60],[60],[60],[60],[60],[60],[__],[__],[__],[__],[__],[60],[60],[60],[60],[60],[60],[60],[60],[60],[__],[__],[60],[60],[60],[60],[60],[60],[60],[__],[60],[60],[__],[__],[__],[60],[60],[60],[60],[60],[60],[60],[60],[__],[__],[__],[__],[__]
[__],[60],[60],[60],[60],[60],[60],[60],[60],[__],[__],[60],[60],[60],[60],[60],[60],[60],[60],[60],[60],[60],[60],[60],[60],[60],[60],[60],[60],[60],[60],[60],[60],[__],[__],[__],[__],[60],[60],[60],[60],[60],[60],[__],[__],[__],[__],[__],[60],[__]
[__],[60],[60],[60],[60],[60],[60],[60],[60],[60],[60],[60],[60],[60],[60],[60],[60],[60],[60],[60],[60],[60],[60],[60],[60],[60],[60],[60],[60],[__],[__],[60],[__],[__],[__],[__],[__],[__],[60],[60],[60],[60],[60],[30],[30],[__],[__],[30],[60],[__]
[__],[60],[__],[__],[60],[60],[60],[60],[60],[60],[60],[60],[60],[60],[60],[60],[60],[60],[60],[60],[60],[60],[60],[60],[60],[60],[60],[60],[__],[__],[60],[60],[__],[__],[__],[__],[__],[__],[60],[60],[60],[60],[30],[30],[__],[__],[30],[30],[60],[__]
[__],[60],[__],[__],[__],[60],[60],[60],[60],[60],[60],[60],[60],[60],[60],[60],[60],[60],[60],[60],[60],[60],[60],[60],[60],[60],[60],[60],[60],[60],[60],[60],[60],[__],[__],[__],[60],[60],[60],[60],[60],[30],[30],[30],[30],[30],[30],[60],[60],[__]
[__],[__],[60],[60],[60],[60],[60],[60],[__],[__],[__],[60],[60],[60],[60],[60],[60],[60],[60],[60],[60],[60],[60],[__],[60],[__],[60],[60],[60],[60],[60],[60],[60],[60],[60],[60],[60],[60],[60],[60],[60],[60],[60],[60],[60],[60],[60],[60],[__],[__]
[__],[__],[__],[__],[__],[__],[__],[__],[__],[__],[__],[__],[__],[__],[__],[__],[__],[__],[__],[__],[__],[__],[__],[__],[60],[__],[__],[__],[__],[__],[__],[__],[__],[__],[__],[__],[__],[__],[__],[__],[__],[__],[__],[__],[__],[__],[__],[__],[__],[__]
#---------------------------#
@layer = 1
#---------------------------#
[__],[__],[__],[__],[__],[__],[__],[__],[__],[__],[__],[__],[__],[__],[__],[__],[__],[__],[__],[__],[__],[__],[__],[__],[__],[__],[__],[__],[__],[__],[__],[__],[__],[__],[__],[__],[__],[__],[__],[__],[__],[__],[__],[__],[__],[__],[__],[__],[__],[__]
[__],[__],[__],[__],[__],[__],[__],[__],[__],[__],[__],[__],[__],[__],[__],[__],[__],[__],[__],[__],[__],[__],[__],[__],[__],[__],[__],[__],[__],[__],[__],[__],[__],[__],[__],[__],[__],[__],[__],[__],[__],[__],[__],[__],[__],[__],[__],[__],[__],[__]
[__],[__],[__],[__],[__],[__],[__],[__],[__],[__],[__],[__],[__],[__],[__],[__],[__],[__],[__],[__],[__],[__],[__],[__],[__],[__],[__],[__],[__],[__],[__],[__],[__],[__],[__],[__],[__],[__],[__],[__],[__],[__],[__],[__],[__],[__],[__],[__],[__],[__]
[__],[__],[__],[__],[__],[__],[__],[__],[__],[__],[__],[__],[__],[__],[__],[__],[__],[__],[__],[__],[__],[__],[__],[__],[__],[__],[__],[__],[__],[__],[__],[__],[__],[__],[__],[__],[__],[__],[__],[__],[__],[__],[__],[__],[__],[__],[__],[__],[__],[__]
[__],[__],[__],[__],[__],[__],[__],[__],[__],[__],[__],[__],[__],[__],[__],[__],[__],[__],[__],[__],[__],[__],[__],[__],[__],[__],[__],[__],[__],[__],[__],[__],[__],[__],[__],[__],[__],[__],[__],[__],[__],[__],[__],[__],[__],[__],[__],[__],[__],[__]
[__],[__],[__],[__],[__],[__],[__],[__],[__],[__],[__],[__],[__],[__],[__],[__],[__],[__],[__],[__],[__],[__],[__],[__],[__],[__],[__],[__],[__],[__],[__],[__],[__],[__],[__],[__],[90],[90],[90],[90],[__],[__],[__],[__],[__],[__],[__],[__],[__],[__]
[__],[__],[__],[__],[__],[__],[__],[__],[__],[__],[__],[__],[__],[__],[__],[__],[__],[__],[__],[__],[__],[__],[__],[__],[__],[__],[__],[__],[__],[__],[__],[__],[__],[__],[__],[90],[90],[90],[90],[90],[__],[__],[__],[__],[__],[__],[__],[__],[__],[__]
[__],[__],[__],[__],[__],[__],[__],[__],[__],[__],[__],[__],[__],[__],[__],[__],[__],[__],[__],[__],[__],[__],[__],[__],[__],[__],[__],[__],[__],[__],[__],[__],[__],[__],[90],[90],[90],[90],[90],[90],[__],[__],[__],[__],[__],[__],[__],[__],[__],[__]
[__],[__],[__],[__],[__],[__],[__],[__],[__],[__],[__],[__],[__],[__],[__],[__],[__],[__],[__],[__],[__],[__],[__],[__],[__],[__],[__],[__],[__],[__],[__],[__],[__],[90],[90],[90],[90],[90],[90],[90],[__],[__],[__],[__],[90],[90],[90],[90],[90],[__]
[__],[__],[__],[__],[__],[__],[__],[__],[__],[__],[__],[__],[__],[__],[__],[__],[__],[__],[__],[__],[__],[__],[__],[__],[__],[__],[__],[__],[__],[__],[__],[__],[__],[90],[90],[90],[90],[90],[90],[__],[__],[__],[__],[90],[90],[90],[90],[90],[90],[__]
[__],[__],[__],[__],[__],[__],[__],[__],[__],[__],[__],[__],[__],[__],[__],[__],[__],[__],[__],[__],[__],[__],[__],[__],[__],[__],[__],[__],[__],[__],[__],[90],[90],[90],[90],[90],[90],[90],[90],[__],[__],[__],[__],[90],[90],[90],[90],[90],[90],[__]
[__],[90],[90],[90],[90],[__],[__],[__],[__],[__],[__],[__],[__],[__],[__],[__],[__],[__],[__],[__],[__],[__],[__],[__],[__],[__],[__],[__],[__],[__],[__],[90],[90],[90],[90],[90],[90],[90],[90],[__],[__],[__],[__],[90],[90],[90],[90],[90],[90],[__]
[__],[90],[90],[90],[90],[90],[__],[__],[__],[__],[__],[__],[__],[__],[__],[__],[__],[__],[__],[__],[__],[__],[__],[__],[__],[__],[__],[__],[__],[__],[__],[90],[90],[90],[90],[90],[90],[90],[90],[__],[__],[__],[__],[90],[90],[90],[90],[90],[90],[__]
[__],[90],[90],[90],[90],[90],[__],[__],[__],[__],[__],[__],[__],[__],[__],[__],[__],[__],[__],[__],[__],[__],[__],[__],[__],[__],[__],[__],[__],[__],[__],[90],[90],[90],[90],[90],[90],[90],[90],[__],[__],[__],[__],[90],[90],[90],[90],[90],[__],[__]
[__],[90],[90],[90],[90],[90],[__],[__],[__],[__],[__],[__],[__],[__],[__],[__],[__],[__],[__],[__],[__],[__],[__],[__],[__],[__],[__],[__],[__],[__],[__],[__],[90],[90],[90],[90],[90],[__],[__],[__],[__],[__],[__],[__],[__],[__],[__],[__],[__],[__]
[__],[__],[__],[__],[__],[__],[__],[__],[__],[__],[__],[__],[__],[__],[__],[__],[__],[__],[__],[__],[__],[__],[__],[__],[__],[__],[__],[__],[__],[__],[__],[__],[__],[__],[__],[__],[__],[__],[__],[__],[__],[__],[__],[__],[__],[__],[__],[__],[__],[__]
#---------------------------#
