#---------------------------#
# DEBUG AREA 1SW (TOWER)
@token    = debug-area-1sw
@name     = DEBUG Area 1SW
@level    = 30
@size     = 8 x 44
@sheet    = mmrpg-overworld-2k25-v2
#---------------------------#
@field      = electrical-tower
#---------------------------#
@portals[]  = spawn(8-12, hidden)
#---------------------------#
@portals[]  = subspace-portal(1-41, debug-area-0__tower-portal, yellow-alt)
@locks[]    = electric-portal-flower(1-41, portal-flower, electric, items:electric-core, x10, locked)
#---------------------------#
@portals[]  = north-exit(4-1, debug-area-1w2__south-exit, up-only)
@portals[]  = east-exit(8-41, debug-area-1s2__west-exit, right-only)
#---------------------------#
@terrain[]   = plain(electrical-tower)
@terrain[]   = ground(maniacal-hideaway)
@terrain[]   = beach(oil-wells)
#---------------------------#
@pickups     = electric-core(10),large-screw(10),small-screw(20),energy-tank(1),weapon-tank(1)
#---------------------------#
@encounters   = spine(10),elec-n(9),bulb-blaster(8),nitron-y(7),plasma-plus(6),electriri(5),beak(3),snapper(6)
@groups[]     = no-encounters_da1w2-exit-buffer(3-1...5-3)
@groups[]     = no-encounters_da1s2-exit-buffer(6-40...8-42)
#---------------------------#
@actors[]     = purple-reset-dude(3-43, robot, anti-eddie, -, default)
#---------------------------#
@habitats[]  = spine(ground)
@habitats[]  = elec-n(plain)
@habitats[]  = bulb-blaster(plain)
@habitats[]  = nitron-y(plain)
@habitats[]  = plasma-plus(plain)
@habitats[]  = electriri(plain)
@habitats[]  = beak(ground)
@habitats[]  = snapper(beach)
#---------------------------#
@bosses[]     = static-mecha-1(5-41, gachappon)
#---------------------------#
@bosses[]     = roaming-boss-1(4-3, elec-man)
@bosses[]     = roaming-boss-2(5-6, bright-man)
@bosses[]     = roaming-boss-3(5-10, fuse-man)
@bosses[]     = roaming-boss-4(4-16, spark-man)
@bosses[]     = roaming-boss-5(5-26, dynamo-man)
@bosses[]     = roaming-boss-6(4-34, plug-man)
#---------------------------#
@items[]     = boss-star-1(4-3, electric-star, elec-man)
@items[]     = boss-star-2(5-6, electric-star, bright-man)
@items[]     = boss-star-3(5-10, electric-star, fuse-man)
@items[]     = boss-star-4(4-16, electric-star, spark-man)
@items[]     = boss-star-5(5-26, electric-star, dynamo-man)
@items[]     = boss-star-6(4-34, electric-star, plug-man)
#---------------------------#
@hazards[]    = cloud-hazard-01(4-36, woolly-clouds)
@hazards[]    = cloud-hazard-02(3-30, woolly-clouds)
@hazards[]    = cloud-hazard-03(5-30, woolly-clouds)
@hazards[]    = cloud-hazard-04(4-25, woolly-clouds)
@hazards[]    = cloud-hazard-05(5-25, woolly-clouds)
@hazards[]    = cloud-hazard-06(6-25, woolly-clouds)
@hazards[]    = cloud-hazard-07(3-17, woolly-clouds)
@hazards[]    = cloud-hazard-08(4-16, woolly-clouds)
@hazards[]    = cloud-hazard-09(5-15, woolly-clouds)
@hazards[]    = cloud-hazard-10(3-11, woolly-clouds)
@hazards[]    = cloud-hazard-11(4-10, woolly-clouds)
@hazards[]    = cloud-hazard-12(6-9, woolly-clouds)
@hazards[]    = cloud-hazard-13(4-6, woolly-clouds)
@hazards[]    = cloud-hazard-14(5-4, woolly-clouds)
#---------------------------#
#---------------------------#
[__],[__],[__],[30],[__],[__],[__],[__]
[__],[__],[10],[30],[10],[10],[__],[__]
[__],[__],[10],[30],[10],[10],[__],[__]
[__],[__],[10],[30],[30],[10],[__],[__]
[__],[__],[10],[30],[30],[10],[__],[__]
[__],[__],[10],[30],[30],[10],[__],[__]
[__],[__],[10],[10],[30],[10],[__],[__]
[__],[__],[10],[10],[30],[10],[__],[__]
[__],[__],[__],[10],[30],[10],[__],[__]
[__],[__],[__],[10],[30],[10],[__],[__]
[__],[__],[10],[10],[30],[10],[__],[__]
[__],[__],[10],[30],[30],[10],[__],[__]
[__],[__],[10],[30],[10],[10],[__],[__]
[__],[__],[10],[30],[10],[10],[__],[__]
[__],[__],[10],[30],[10],[__],[__],[__]
[__],[__],[10],[30],[10],[__],[__],[__]
[__],[__],[10],[30],[10],[10],[__],[__]
[__],[__],[10],[30],[30],[10],[__],[__]
[__],[__],[10],[10],[30],[10],[__],[__]
[__],[__],[10],[10],[30],[10],[__],[__]
[__],[__],[10],[10],[30],[10],[__],[__]
[__],[__],[10],[10],[30],[10],[__],[__]
[__],[__],[10],[10],[30],[10],[__],[__]
[__],[__],[10],[10],[30],[10],[__],[__]
[__],[__],[__],[10],[30],[10],[__],[__]
[__],[__],[__],[10],[30],[10],[__],[__]
[__],[__],[10],[10],[30],[10],[__],[__]
[__],[__],[10],[30],[30],[10],[__],[__]
[__],[__],[10],[30],[10],[10],[__],[__]
[__],[__],[10],[30],[10],[10],[__],[__]
[__],[__],[10],[30],[10],[10],[__],[__]
[__],[__],[10],[30],[10],[10],[__],[__]
[__],[__],[10],[30],[10],[__],[__],[__]
[__],[__],[10],[30],[10],[__],[__],[__]
[__],[__],[10],[30],[10],[10],[__],[__]
[__],[__],[10],[30],[30],[10],[__],[__]
[__],[__],[10],[10],[30],[10],[__],[__]
[__],[__],[10],[10],[30],[10],[__],[__]
[__],[__],[10],[10],[30],[10],[__],[__]
[90],[50],[10],[10],[30],[10],[50],[90]
[50],[50],[50],[50],[50],[50],[50],[50]
[90],[50],[50],[50],[50],[50],[50],[90]
[90],[90],[50],[50],[50],[50],[90],[90]
[90],[90],[90],[90],[90],[90],[90],[90]
#---------------------------#
