#---------------------------#
# DEBUG AREA 1E2 (CITY)
@token    = debug-area-1e2
@name     = DEBUG Area 1E2
@level    = 60
@size     = 15 x 21
@sheet    = mmrpg-overworld-2k25
#---------------------------#
@portals[]  = spawn(1-12, hidden)
#---------------------------#
@portals[]  = subspace-portal(15-12, debug-area-0__works-portal, orange-alt)
#---------------------------#
@portals[]  = west-exit(1-12, debug-area-1e__east-exit, left-only)
@portals[]  = south-exit(8-21, debug-area-1s2__east-exit, down-only)
#---------------------------#
@field        = waterworks-dam
#---------------------------#
@pickups      = small-screw(2),large-screw(3),super-pellet(5),super-capsule(4),energy-capsule(2)
#---------------------------#
@encounters   = bombomboy(10),blocky(12),arc-weldy(12),picket-man(6),tosanaizer-v(3),air-stone(9),robo-fishtot(10)
@groups[]     = no-encounters_da1-exit-buffer(1-11...3-13)
@groups[]     = no-encounters_da1s2-exit-buffer(7-19...9-21)
#---------------------------#
@terrain[]   = grass(gentle-countryside)
@terrain[]   = plain(waterworks-dam)
@terrain[]   = ground(maniacal-hideaway)
@terrain[]   = water(space-simulator)
#---------------------------#
@habitats[] = bombomboy(grass)
@habitats[] = blocky(plain)
@habitats[] = arc-weldy(plain)
@habitats[] = picket-man(ground)
@habitats[] = tosanaizer-v(ground)
@habitats[] = air-stone(ground)
@habitats[] = robo-fishtot(water)
#---------------------------#
@bosses[]   = roaming-boss-1(8-6, concrete-man)
@bosses[]   = roaming-boss-2(8-12, guts-man)
@bosses[]   = roaming-boss-3(6-9, pump-man)
@bosses[]   = roaming-boss-4(10-9, wave-man)
@bosses[]   = roaming-boss-5(8-19, block-man)
#---------------------------#
@items[]   = boss-star-1(8-6, earth-star, concrete-man)
@items[]   = boss-star-2(8-12, impact-star, guts-man)
@items[]   = boss-star-3(6-9, water-star, pump-man)
@items[]   = boss-star-4(10-9, water-star, wave-man)
@items[]   = boss-star-5(8-19, earth-star, block-man)
#---------------------------#
@groups[]    = entrance-area(1-11, 2-11, 3-11, 2-10, 2-12)
@groups[]    = no-encounters(entrance-area)
#---------------------------#
[__],[__],[__],[__],[__],[__],[__],[__],[__],[__],[__],[__],[__],[__],[__]
[__],[__],[02],[02],[02],[02],[02],[21],[02],[02],[02],[02],[02],[__],[__]
[__],[11],[01],[01],[01],[01],[01],[20],[01],[01],[01],[01],[01],[11],[__]
[99],[10],[01],[01],[01],[01],[01],[20],[01],[01],[01],[01],[01],[10],[99]
[99],[10],[01],[01],[01],[01],[01],[20],[01],[01],[01],[01],[01],[10],[99]
[99],[10],[01],[01],[01],[20],[20],[20],[20],[20],[01],[01],[01],[10],[99]
[99],[10],[01],[01],[01],[20],[99],[99],[99],[20],[01],[01],[01],[10],[99]
[99],[10],[01],[01],[01],[20],[99],[99],[99],[20],[01],[01],[01],[10],[99]
[99],[99],[99],[99],[99],[20],[99],[99],[99],[20],[99],[99],[99],[99],[99]
[99],[10],[01],[01],[01],[20],[99],[99],[99],[20],[01],[01],[01],[10],[99]
[13],[10],[01],[01],[01],[20],[99],[99],[99],[20],[01],[01],[01],[10],[14]
[10],[10],[01],[01],[01],[20],[20],[20],[20],[20],[01],[01],[01],[10],[10]
[15],[10],[01],[01],[01],[01],[01],[20],[01],[01],[01],[01],[01],[10],[16]
[99],[10],[01],[01],[01],[01],[01],[20],[01],[01],[01],[01],[01],[10],[99]
[99],[99],[03],[03],[03],[03],[03],[20],[03],[03],[03],[03],[03],[99],[99]
[__],[99],[99],[99],[99],[20],[20],[20],[20],[20],[99],[99],[99],[99],[__]
[__],[__],[__],[__],[99],[20],[20],[20],[20],[20],[99],[__],[__],[__],[__]
[__],[__],[__],[__],[99],[20],[20],[20],[20],[20],[99],[__],[__],[__],[__]
[__],[__],[__],[__],[99],[20],[20],[40],[20],[20],[99],[__],[__],[__],[__]
[__],[__],[__],[__],[__],[99],[22],[40],[22],[99],[__],[__],[__],[__],[__]
[__],[__],[__],[__],[__],[__],[__],[40],[__],[__],[__],[__],[__],[__],[__]
#---------------------------#
