#---------------------------#
# DEBUG AREA 1S (WATER)
@token    = debug-area-1s
@name     = DEBUG Area 1S
@level    = 20
@size     = 15 x 13
@sheet    = mmrpg-overworld-2k25-v3
#---------------------------#
@field      = waterfall-institute
#---------------------------#
@aliases[] = 10:beach
@aliases[] = 22:type-water
@aliases[] = 33:water
#---------------------------#
@portals[]  = spawn(7-2, hidden)
#---------------------------#
@portals[]  = subspace-portal(11-9, debug-area-0__beach-portal, blue-alt)
@locks[]    = water-portal-flower(11-9, portal-flower, water, items:water-core, x10, locked)
#---------------------------#
@portals[]  = north-exit(7-1, debug-area-1__south-exit, up-only)
@portals[]  = south-exit(6-13, debug-area-1s2__north-west-exit, down-only)
#---------------------------#
@pickups      = water-core(10),weapon-pellet(5),energy-capsule(1)
#---------------------------#
@encounters  = snapper(4),octone(5),shelln(1)
@groups[]    = no-encounters_da1-exit-buffer(6-1...8-3)
@groups[]    = no-encounters_da1s2-exit-buffer(5-11...7-13)
#---------------------------#
@actors[]     = purple-reset-dude(12-6, robot, anti-eddie, -, default)
#---------------------------#
@terrain[]   = beach(oil-wells)
#---------------------------#
@habitats[]  = octone(water)
@habitats[]  = shelln(beach,water)
@habitats[]  = snapper(beach)
#---------------------------#
@bosses[]    = roaming-boss-1(6-10, bubble-man)
#---------------------------#
@items[]    = boss-star-1(6-10, water-star, bubble-man)
#---------------------------#
@layer = 0
#---------------------------#
[__],[__],[__],[__],[__],[__],[10],[__],[__],[__],[__],[__],[__],[__],[__]
[__],[__],[__],[__],[__],[__],[10],[__],[__],[__],[__],[__],[__],[__],[__]
[__],[__],[__],[__],[__],[10],[10],[10],[__],[__],[__],[__],[__],[__],[__]
[__],[__],[__],[__],[__],[10],[10],[10],[__],[10],[__],[__],[__],[__],[__]
[__],[__],[__],[10],[__],[10],[10],[10],[__],[__],[__],[__],[__],[__],[__]
[__],[__],[__],[10],[__],[__],[10],[10],[10],[__],[__],[10],[__],[__],[__]
[__],[__],[__],[__],[__],[__],[__],[10],[10],[10],[10],[__],[__],[__],[__]
[__],[__],[__],[__],[__],[__],[__],[10],[10],[10],[10],[10],[__],[__],[__]
[__],[__],[__],[__],[10],[__],[10],[10],[10],[10],[10],[10],[__],[__],[__]
[__],[__],[__],[__],[__],[10],[10],[__],[__],[10],[10],[10],[__],[__],[__]
[__],[__],[__],[__],[__],[10],[__],[__],[__],[__],[__],[__],[__],[__],[__]
[__],[__],[__],[__],[__],[10],[__],[__],[__],[__],[__],[__],[__],[__],[__]
[__],[__],[__],[__],[__],[10],[__],[__],[__],[__],[__],[__],[__],[__],[__]
#---------------------------#
@layer = -1
#---------------------------#
[__],[__],[__],[22],[__],[__],[__],[__],[__],[__],[22],[22],[__],[__],[__]
[__],[__],[22],[22],[__],[__],[__],[__],[__],[__],[__],[22],[22],[__],[__]
[__],[22],[22],[__],[__],[__],[__],[__],[__],[__],[__],[__],[22],[22],[__]
[__],[22],[__],[__],[__],[__],[__],[__],[__],[__],[__],[__],[__],[22],[__]
[__],[22],[__],[__],[__],[__],[__],[__],[__],[__],[__],[__],[__],[22],[__]
[__],[22],[__],[__],[__],[__],[__],[__],[__],[__],[__],[__],[__],[22],[__]
[__],[22],[__],[__],[__],[__],[__],[__],[__],[__],[__],[__],[__],[22],[__]
[__],[22],[__],[__],[__],[__],[__],[__],[__],[__],[__],[__],[__],[22],[__]
[__],[22],[__],[__],[__],[__],[__],[__],[__],[__],[__],[__],[__],[22],[__]
[__],[22],[__],[__],[__],[__],[__],[__],[__],[__],[__],[__],[__],[22],[__]
[__],[22],[22],[__],[__],[__],[__],[__],[__],[__],[__],[__],[22],[22],[__]
[__],[__],[22],[22],[__],[__],[__],[__],[__],[__],[__],[22],[22],[__],[__]
[__],[__],[__],[22],[__],[__],[__],[22],[22],[__],[__],[22],[__],[__],[__]
#---------------------------#
@layer = 2
#---------------------------#
[__],[__],[__],[__],[33],[33],[33],[33],[33],[33],[33],[33],[__],[__],[__]
[__],[__],[__],[33],[33],[33],[33],[33],[33],[33],[33],[33],[33],[__],[__]
[__],[__],[33],[33],[33],[33],[33],[33],[33],[33],[33],[33],[33],[__],[__]
[__],[__],[33],[33],[33],[33],[33],[33],[33],[33],[33],[33],[33],[__],[__]
[__],[__],[33],[33],[33],[33],[33],[33],[33],[33],[33],[33],[33],[__],[__]
[__],[__],[33],[33],[33],[33],[33],[33],[33],[33],[33],[33],[33],[__],[__]
[__],[__],[33],[33],[33],[33],[33],[33],[33],[33],[33],[33],[33],[__],[__]
[__],[__],[33],[33],[33],[33],[33],[33],[33],[33],[33],[33],[33],[__],[__]
[__],[__],[33],[33],[33],[33],[33],[33],[33],[33],[33],[33],[33],[__],[__]
[__],[__],[33],[33],[33],[33],[33],[33],[33],[33],[33],[33],[33],[__],[__]
[__],[__],[33],[33],[33],[33],[33],[33],[33],[33],[33],[33],[33],[__],[__]
[__],[__],[33],[33],[33],[33],[33],[33],[33],[33],[33],[33],[33],[__],[__]
[__],[__],[__],[33],[33],[33],[33],[33],[33],[33],[33],[33],[__],[__],[__]
#---------------------------#
