#---------------------------#
# DEBUG AREA 1S2 (WATER2)
@token    = debug-area-1s2
@name     = DEBUG Area 1S2
@level    = 25
@size     = 20 x 14
@sheet    = mmrpg-overworld-2k25
#---------------------------#
@portals[]  = spawn(4-1, hidden)
@portals[]  = goto__debug-area-1s(4-1, 4-13, up-only)
@portals[]  = goto__debug-area-1sw(1-8, 8-41, left-only)
@portals[]  = goto__debug-area-1e2(20-2, 8-21, right-only)
#---------------------------#
@field    = rainy-sewers
#---------------------------#
@pickups      = weapon-pellet(10),weapon-capsule(5),defense-pellet(6),defense-capsule(3)
#---------------------------#
@encounters  = shelln(6),snapper(5),pelicanu(4),robo-fishtot(3),octone(2),bui-boi(1),manta-missile(1)
@groups[]    = no-encounters_da1s-exit-buffer(3-1...5-3)
@groups[]    = no-encounters_da1sw-exit-buffer(1-7...3-9)
@groups[]    = no-encounters_da1e2-exit-buffer(18-1...20-3)
#---------------------------#
@terrain[]   = beach(oil-wells)
@terrain[]   = water(space-simulator)
#---------------------------#
@habitats[]  = shelln(beach,water)
@habitats[]  = snapper(beach)
@habitats[]  = pelicanu(beach,water)
@habitats[]  = robo-fishtot(water)
@habitats[]  = octone(water)
@habitats[]  = bui-boi(water)
@habitats[]  = manta-missile(water)
#---------------------------#
@items[]     = island-item(17-12, extra-life, x1, once)
#---------------------------#
@bosses[]    = roaming-boss-1(9-8, toad-man)
@bosses[]    = roaming-boss-2(3-11, splash-woman)
@bosses[]    = roaming-boss-3(15-3, pirate-man)
@bosses[]    = roaming-boss-4(15-8, dive-man)
@bosses[]    = roaming-boss-5(18-2, aqua-man)
#---------------------------#
@groups[]    = around-island-item(16-11...18-13)
@groups[]    = no-encounters(around-island-item)
#---------------------------#
[__],[__],[99],[40],[99],[__],[__],[__],[__],[__],[__],[__],[__],[__],[__],[__],[99],[99],[99],[99]
[__],[__],[99],[40],[99],[99],[99],[99],[__],[__],[__],[__],[__],[99],[99],[99],[99],[40],[40],[40]
[__],[99],[99],[40],[99],[99],[99],[99],[99],[__],[__],[__],[99],[99],[40],[99],[40],[99],[99],[99]
[__],[99],[99],[40],[40],[99],[99],[99],[99],[__],[__],[99],[99],[40],[99],[40],[40],[40],[40],[99]
[99],[99],[99],[99],[40],[40],[99],[99],[99],[99],[99],[99],[40],[40],[99],[99],[99],[99],[99],[99]
[99],[40],[40],[40],[99],[40],[99],[99],[99],[99],[99],[40],[40],[99],[99],[99],[99],[99],[99],[99]
[99],[40],[40],[99],[99],[40],[40],[99],[99],[40],[40],[40],[40],[40],[40],[99],[99],[40],[99],[__]
[40],[40],[99],[99],[40],[40],[40],[99],[40],[40],[40],[40],[99],[40],[40],[40],[40],[99],[99],[__]
[99],[99],[99],[40],[40],[40],[99],[40],[99],[40],[40],[99],[99],[40],[40],[40],[99],[99],[99],[99]
[99],[99],[99],[40],[40],[40],[99],[40],[99],[99],[40],[40],[99],[99],[40],[99],[99],[99],[99],[99]
[__],[99],[99],[40],[40],[40],[99],[99],[99],[99],[99],[40],[40],[99],[99],[99],[40],[40],[40],[99]
[__],[99],[99],[99],[40],[99],[99],[99],[99],[__],[99],[99],[99],[99],[40],[40],[40],[40],[99],[99]
[__],[__],[99],[99],[99],[99],[99],[99],[__],[__],[__],[99],[99],[40],[40],[99],[40],[99],[99],[__]
[__],[__],[__],[__],[__],[__],[__],[__],[__],[__],[__],[__],[99],[99],[99],[99],[99],[99],[__],[__]
#---------------------------#
