#---------------------------#
# DEBUG AREA 1SW (TOWER)
@token    = debug-area-1sw
@name     = DEBUG Area 1SW
@level    = 30
@size     = 12 x 44
@sheet    = mmrpg-overworld-2k25-v3
#---------------------------#
@field      = electrical-tower
#---------------------------#
@aliases[] = 33:water
@aliases[] = 10:electrical-tower
@aliases[] = 20:plain
@aliases[] = 30:ground
@aliases[] = 40:beach
@aliases[] = 60:type-electric
#---------------------------#
@portals[]  = spawn(10-12, hidden)
#---------------------------#
@portals[]  = subspace-portal(3-41, debug-area-0__tower-portal, yellow-alt)
@locks[]    = electric-portal-flower(3-41, portal-flower, electric, items:electric-core, x10, locked)
#---------------------------#
@portals[]  = north-exit(6-1, debug-area-1w2__south-exit, up-only)
@portals[]  = east-exit(11-41, debug-area-1s2__west-exit, right-only)
#---------------------------#
@terrain[]   = electrical-tower(electrical-tower)
@terrain[]   = plain(electrical-tower)
@terrain[]   = ground(maniacal-hideaway)
@terrain[]   = beach(oil-wells)
#---------------------------#
@pickups     = electric-core(10),large-screw(10),small-screw(20),energy-tank(1),weapon-tank(1)
#---------------------------#
@encounters   = spine(10),elec-n(9),bulb-blaster(8),nitron-y(7),plasma-plus(6),electriri(5),beak(3),snapper(6)
@groups[]     = no-encounters_da1w2-exit-buffer(5-1...7-3)
@groups[]     = no-encounters_da1s2-exit-buffer(8-40...10-42)
#---------------------------#
@actors[]     = purple-reset-dude(5-43, robot, anti-eddie, -, default)
#---------------------------#
@habitats[]  = spine(electrical-tower)
@habitats[]  = elec-n(electrical-tower)
@habitats[]  = bulb-blaster(electrical-tower)
@habitats[]  = nitron-y(electrical-tower)
@habitats[]  = plasma-plus(electrical-tower)
@habitats[]  = electriri(electrical-tower)
@habitats[]  = beak(plain)
@habitats[]  = snapper(ground)
#---------------------------#
@bosses[]     = static-mecha-1(7-41, gachappon)
#---------------------------#
@bosses[]     = roaming-boss-1(6-3, elec-man)
@bosses[]     = roaming-boss-2(7-6, bright-man)
@bosses[]     = roaming-boss-3(7-10, fuse-man)
@bosses[]     = roaming-boss-4(6-16, spark-man)
@bosses[]     = roaming-boss-5(7-26, dynamo-man)
@bosses[]     = roaming-boss-6(6-34, plug-man)
#---------------------------#
@items[]     = boss-star-1(6-3, electric-star, elec-man)
@items[]     = boss-star-2(7-6, electric-star, bright-man)
@items[]     = boss-star-3(7-10, electric-star, fuse-man)
@items[]     = boss-star-4(6-16, electric-star, spark-man)
@items[]     = boss-star-5(7-26, electric-star, dynamo-man)
@items[]     = boss-star-6(6-34, electric-star, plug-man)
#---------------------------#
@hazards[]    = cloud-hazard-01(6-36, woolly-clouds)
@hazards[]    = cloud-hazard-02(5-30, woolly-clouds)
@hazards[]    = cloud-hazard-03(7-30, woolly-clouds)
@hazards[]    = cloud-hazard-04(6-25, woolly-clouds)
@hazards[]    = cloud-hazard-05(7-25, woolly-clouds)
@hazards[]    = cloud-hazard-06(8-25, woolly-clouds)
@hazards[]    = cloud-hazard-07(5-17, woolly-clouds)
@hazards[]    = cloud-hazard-08(6-16, woolly-clouds)
@hazards[]    = cloud-hazard-09(7-15, woolly-clouds)
@hazards[]    = cloud-hazard-10(5-11, woolly-clouds)
@hazards[]    = cloud-hazard-11(6-10, woolly-clouds)
@hazards[]    = cloud-hazard-12(8-9, woolly-clouds)
@hazards[]    = cloud-hazard-13(6-6, woolly-clouds)
@hazards[]    = cloud-hazard-14(7-4, woolly-clouds)
#---------------------------#
@layer = 0
#---------------------------#
[__],[__],[__],[__],[__],[20],[__],[__],[__],[__],[__],[__]
[__],[__],[__],[__],[10],[20],[10],[10],[__],[__],[__],[__]
[__],[__],[__],[__],[10],[20],[10],[10],[__],[__],[__],[__]
[__],[__],[__],[__],[10],[20],[20],[10],[__],[__],[__],[__]
[__],[__],[__],[__],[10],[20],[20],[10],[__],[__],[__],[__]
[__],[__],[__],[__],[10],[20],[20],[10],[__],[__],[__],[__]
[__],[__],[__],[__],[10],[10],[20],[10],[__],[__],[__],[__]
[__],[__],[__],[__],[10],[10],[20],[10],[__],[__],[__],[__]
[__],[__],[__],[__],[__],[10],[20],[10],[__],[__],[__],[__]
[__],[__],[__],[__],[__],[10],[20],[10],[__],[__],[__],[__]
[__],[__],[__],[__],[10],[10],[20],[10],[__],[__],[__],[__]
[__],[__],[__],[__],[10],[20],[20],[10],[__],[__],[__],[__]
[__],[__],[__],[__],[10],[20],[10],[10],[__],[__],[__],[__]
[__],[__],[__],[__],[10],[20],[10],[10],[__],[__],[__],[__]
[__],[__],[__],[__],[10],[20],[10],[__],[__],[__],[__],[__]
[__],[__],[__],[__],[10],[20],[10],[__],[__],[__],[__],[__]
[__],[__],[__],[__],[10],[20],[10],[10],[__],[__],[__],[__]
[__],[__],[__],[__],[10],[20],[20],[10],[__],[__],[__],[__]
[__],[__],[__],[__],[10],[10],[20],[10],[__],[__],[__],[__]
[__],[__],[__],[__],[10],[10],[20],[10],[__],[__],[__],[__]
[__],[__],[__],[__],[10],[10],[20],[10],[__],[__],[__],[__]
[__],[__],[__],[__],[10],[10],[20],[10],[__],[__],[__],[__]
[__],[__],[__],[__],[10],[10],[20],[10],[__],[__],[__],[__]
[__],[__],[__],[__],[10],[10],[20],[10],[__],[__],[__],[__]
[__],[__],[__],[__],[__],[10],[20],[10],[__],[__],[__],[__]
[__],[__],[__],[__],[__],[10],[20],[10],[__],[__],[__],[__]
[__],[__],[__],[__],[10],[10],[20],[10],[__],[__],[__],[__]
[__],[__],[__],[__],[10],[20],[20],[10],[__],[__],[__],[__]
[__],[__],[__],[__],[10],[20],[10],[10],[__],[__],[__],[__]
[__],[__],[__],[__],[10],[20],[10],[10],[__],[__],[__],[__]
[__],[__],[__],[__],[10],[20],[10],[10],[__],[__],[__],[__]
[__],[__],[__],[__],[10],[20],[10],[10],[__],[__],[__],[__]
[__],[__],[__],[__],[10],[20],[10],[__],[__],[__],[__],[__]
[__],[__],[__],[__],[10],[20],[10],[__],[__],[__],[__],[__]
[__],[__],[__],[__],[10],[20],[10],[10],[__],[__],[__],[__]
[__],[__],[__],[__],[10],[20],[20],[10],[__],[__],[__],[__]
[__],[__],[__],[__],[10],[10],[20],[10],[__],[__],[__],[__]
[__],[__],[__],[__],[10],[10],[20],[10],[__],[__],[__],[__]
[__],[__],[__],[__],[10],[10],[20],[10],[__],[__],[__],[__]
[__],[__],[__],[__],[10],[10],[20],[10],[__],[__],[__],[__]
[__],[__],[__],[__],[__],[__],[__],[__],[__],[40],[40],[__]
[__],[__],[__],[__],[__],[__],[__],[__],[__],[__],[__],[__]
[__],[__],[__],[__],[__],[__],[__],[__],[__],[__],[__],[__]
[__],[__],[__],[__],[__],[__],[__],[__],[__],[__],[__],[__]
#---------------------------#
@layer = 1
#---------------------------#
[__],[__],[__],[__],[__],[__],[__],[__],[__],[__],[__],[__]
[__],[__],[__],[__],[__],[__],[__],[__],[__],[__],[__],[__]
[__],[__],[__],[__],[__],[__],[__],[__],[__],[__],[__],[__]
[__],[__],[__],[__],[__],[__],[__],[__],[__],[__],[__],[__]
[__],[__],[__],[__],[__],[__],[__],[__],[__],[__],[__],[__]
[__],[__],[__],[__],[__],[__],[__],[__],[__],[__],[__],[__]
[__],[__],[__],[__],[__],[__],[__],[__],[__],[__],[__],[__]
[__],[__],[__],[__],[__],[__],[__],[__],[__],[__],[__],[__]
[__],[__],[__],[__],[__],[__],[__],[__],[__],[__],[__],[__]
[__],[__],[__],[__],[__],[__],[__],[__],[__],[__],[__],[__]
[__],[__],[__],[__],[__],[__],[__],[__],[__],[__],[__],[__]
[__],[__],[__],[__],[__],[__],[__],[__],[__],[__],[__],[__]
[__],[__],[__],[__],[__],[__],[__],[__],[__],[__],[__],[__]
[__],[__],[__],[__],[__],[__],[__],[__],[__],[__],[__],[__]
[__],[__],[__],[__],[__],[__],[__],[__],[__],[__],[__],[__]
[__],[__],[__],[__],[__],[__],[__],[__],[__],[__],[__],[__]
[__],[__],[__],[__],[__],[__],[__],[__],[__],[__],[__],[__]
[__],[__],[__],[__],[__],[__],[__],[__],[__],[__],[__],[__]
[__],[__],[__],[__],[__],[__],[__],[__],[__],[__],[__],[__]
[__],[__],[__],[__],[__],[__],[__],[__],[__],[__],[__],[__]
[__],[__],[__],[__],[__],[__],[__],[__],[__],[__],[__],[__]
[__],[__],[__],[__],[__],[__],[__],[__],[__],[__],[__],[__]
[__],[__],[__],[__],[__],[__],[__],[__],[__],[__],[__],[__]
[__],[__],[__],[__],[__],[__],[__],[__],[__],[__],[__],[__]
[__],[__],[__],[__],[__],[__],[__],[__],[__],[__],[__],[__]
[__],[__],[__],[__],[__],[__],[__],[__],[__],[__],[__],[__]
[__],[__],[__],[__],[__],[__],[__],[__],[__],[__],[__],[__]
[__],[__],[__],[__],[__],[__],[__],[__],[__],[__],[__],[__]
[__],[__],[__],[__],[__],[__],[__],[__],[__],[__],[__],[__]
[__],[__],[__],[__],[__],[__],[__],[__],[__],[__],[__],[__]
[__],[__],[__],[__],[__],[__],[__],[__],[__],[__],[__],[__]
[__],[__],[__],[__],[__],[__],[__],[__],[__],[__],[__],[__]
[__],[__],[__],[__],[__],[__],[__],[__],[__],[__],[__],[__]
[__],[__],[__],[__],[__],[__],[__],[__],[__],[__],[__],[__]
[__],[__],[__],[__],[__],[__],[__],[__],[__],[__],[__],[__]
[__],[__],[__],[__],[__],[__],[__],[__],[__],[__],[__],[__]
[__],[__],[__],[__],[__],[__],[__],[__],[__],[__],[__],[__]
[__],[__],[__],[__],[__],[__],[__],[__],[__],[__],[__],[__]
[__],[60],[60],[60],[60],[60],[60],[60],[60],[60],[60],[__]
[__],[60],[__],[__],[__],[__],[__],[__],[__],[__],[60],[__]
[__],[60],[__],[__],[__],[__],[__],[__],[__],[__],[__],[__]
[__],[60],[__],[__],[__],[__],[__],[__],[__],[__],[60],[__]
[__],[60],[__],[__],[__],[__],[__],[__],[__],[__],[60],[__]
[__],[60],[__],[__],[__],[__],[__],[__],[__],[__],[60],[__]
#---------------------------#
@layer = 2
#---------------------------#
[__],[__],[__],[__],[__],[__],[__],[__],[__],[__],[__],[__]
[__],[__],[__],[__],[__],[__],[__],[__],[__],[__],[__],[__]
[__],[__],[__],[__],[__],[__],[__],[__],[__],[__],[__],[__]
[__],[__],[__],[__],[__],[__],[__],[__],[__],[__],[__],[__]
[__],[__],[__],[__],[__],[__],[__],[__],[__],[__],[__],[__]
[__],[__],[__],[__],[__],[__],[__],[__],[__],[__],[__],[__]
[__],[__],[__],[__],[__],[__],[__],[__],[__],[__],[__],[__]
[__],[__],[__],[__],[__],[__],[__],[__],[__],[__],[__],[__]
[__],[__],[__],[__],[__],[__],[__],[__],[__],[__],[__],[__]
[__],[__],[__],[__],[__],[__],[__],[__],[__],[__],[__],[__]
[__],[__],[__],[__],[__],[__],[__],[__],[__],[__],[__],[__]
[__],[__],[__],[__],[__],[__],[__],[__],[__],[__],[__],[__]
[__],[__],[__],[__],[__],[__],[__],[__],[__],[__],[__],[__]
[__],[__],[__],[__],[__],[__],[__],[__],[__],[__],[__],[__]
[__],[__],[__],[__],[__],[__],[__],[__],[__],[__],[__],[__]
[__],[__],[__],[__],[__],[__],[__],[__],[__],[__],[__],[__]
[__],[__],[__],[__],[__],[__],[__],[__],[__],[__],[__],[__]
[__],[__],[__],[__],[__],[__],[__],[__],[__],[__],[__],[__]
[__],[__],[__],[__],[__],[__],[__],[__],[__],[__],[__],[__]
[__],[__],[__],[__],[__],[__],[__],[__],[__],[__],[__],[__]
[__],[__],[__],[__],[__],[__],[__],[__],[__],[__],[__],[__]
[__],[__],[__],[__],[__],[__],[__],[__],[__],[__],[__],[__]
[__],[__],[__],[__],[__],[__],[__],[__],[__],[__],[__],[__]
[__],[__],[__],[__],[__],[__],[__],[__],[__],[__],[__],[__]
[__],[__],[__],[__],[__],[__],[__],[__],[__],[__],[__],[__]
[__],[__],[__],[__],[__],[__],[__],[__],[__],[__],[__],[__]
[__],[__],[__],[__],[__],[__],[__],[__],[__],[__],[__],[__]
[__],[__],[__],[__],[__],[__],[__],[__],[__],[__],[__],[__]
[__],[__],[__],[__],[__],[__],[__],[__],[__],[__],[__],[__]
[__],[__],[__],[__],[__],[__],[__],[__],[__],[__],[__],[__]
[__],[__],[__],[__],[__],[__],[__],[__],[__],[__],[__],[__]
[__],[__],[__],[__],[__],[__],[__],[__],[__],[__],[__],[__]
[__],[__],[__],[__],[__],[__],[__],[__],[__],[__],[__],[__]
[__],[__],[__],[__],[__],[__],[__],[__],[__],[__],[__],[__]
[__],[__],[__],[__],[__],[__],[__],[__],[__],[__],[__],[__]
[__],[__],[__],[__],[__],[__],[__],[__],[__],[__],[__],[__]
[__],[__],[__],[__],[__],[__],[__],[__],[__],[__],[__],[__]
[__],[__],[__],[__],[__],[__],[__],[__],[__],[__],[__],[__]
[__],[__],[__],[__],[__],[__],[__],[__],[__],[__],[__],[__]
[__],[__],[__],[30],[30],[30],[30],[30],[30],[__],[__],[__]
[__],[__],[30],[30],[30],[30],[30],[30],[30],[30],[__],[__]
[__],[__],[__],[30],[30],[30],[30],[30],[30],[__],[__],[__]
[__],[__],[__],[__],[30],[30],[30],[30],[__],[__],[__],[__]
[__],[__],[__],[__],[__],[__],[__],[__],[__],[__],[__],[__]
#---------------------------#
@layer = 3
#---------------------------#
[__],[__],[__],[__],[__],[__],[__],[__],[__],[__],[__],[__]
[__],[__],[__],[__],[__],[__],[__],[__],[__],[__],[__],[__]
[__],[__],[__],[__],[__],[__],[__],[__],[__],[__],[__],[__]
[__],[__],[__],[__],[__],[__],[__],[__],[__],[__],[__],[__]
[__],[__],[__],[__],[__],[__],[__],[__],[__],[__],[__],[__]
[__],[__],[__],[__],[__],[__],[__],[__],[__],[__],[__],[__]
[__],[__],[__],[__],[__],[__],[__],[__],[__],[__],[__],[__]
[__],[__],[__],[__],[__],[__],[__],[__],[__],[__],[__],[__]
[__],[__],[__],[__],[__],[__],[__],[__],[__],[__],[__],[__]
[__],[__],[__],[__],[__],[__],[__],[__],[__],[__],[__],[__]
[__],[__],[__],[__],[__],[__],[__],[__],[__],[__],[__],[__]
[__],[__],[__],[__],[__],[__],[__],[__],[__],[__],[__],[__]
[__],[__],[__],[__],[__],[__],[__],[__],[__],[__],[__],[__]
[__],[__],[__],[__],[__],[__],[__],[__],[__],[__],[__],[__]
[__],[__],[__],[__],[__],[__],[__],[__],[__],[__],[__],[__]
[__],[__],[__],[__],[__],[__],[__],[__],[__],[__],[__],[__]
[__],[__],[__],[__],[__],[__],[__],[__],[__],[__],[__],[__]
[__],[__],[__],[__],[__],[__],[__],[__],[__],[__],[__],[__]
[__],[__],[__],[__],[__],[__],[__],[__],[__],[__],[__],[__]
[__],[__],[__],[__],[__],[__],[__],[__],[__],[__],[__],[__]
[__],[__],[__],[__],[__],[__],[__],[__],[__],[__],[__],[__]
[__],[__],[__],[__],[__],[__],[__],[__],[__],[__],[__],[__]
[__],[__],[__],[__],[__],[__],[__],[__],[__],[__],[__],[__]
[__],[__],[__],[__],[__],[__],[__],[__],[__],[__],[__],[__]
[__],[__],[__],[__],[__],[__],[__],[__],[__],[__],[__],[__]
[__],[__],[__],[__],[__],[__],[__],[__],[__],[__],[__],[__]
[__],[__],[__],[__],[__],[__],[__],[__],[__],[__],[__],[__]
[__],[__],[__],[__],[__],[__],[__],[__],[__],[__],[__],[__]
[__],[__],[__],[__],[__],[__],[__],[__],[__],[__],[__],[__]
[__],[__],[__],[__],[__],[__],[__],[__],[__],[__],[__],[__]
[__],[__],[__],[__],[__],[__],[__],[__],[__],[__],[__],[__]
[__],[__],[__],[__],[__],[__],[__],[__],[__],[__],[__],[__]
[__],[__],[__],[__],[__],[__],[__],[__],[__],[__],[__],[__]
[__],[__],[__],[__],[__],[__],[__],[__],[__],[__],[__],[__]
[__],[__],[__],[__],[__],[__],[__],[__],[__],[__],[__],[__]
[__],[__],[__],[__],[__],[__],[__],[__],[__],[__],[__],[__]
[__],[__],[__],[__],[__],[__],[__],[__],[__],[__],[__],[__]
[__],[__],[__],[__],[__],[__],[__],[__],[__],[__],[__],[__]
[__],[__],[__],[__],[__],[__],[__],[__],[__],[__],[__],[__]
[__],[33],[33],[33],[33],[33],[33],[33],[33],[33],[33],[__]
[__],[33],[33],[33],[33],[33],[33],[33],[33],[33],[33],[__]
[__],[33],[33],[33],[33],[33],[33],[33],[33],[33],[33],[__]
[__],[33],[33],[33],[33],[33],[33],[33],[33],[33],[33],[__]
[__],[33],[33],[33],[33],[33],[33],[33],[33],[33],[33],[__]
#---------------------------#
