#---------------------------#
# DEBUG AREA 1E (DESERT)
@token    = debug-area-1e
@name     = DEBUG Area 1E
@level    = 10
@size     = 50 x 16
@sheet    = mmrpg-overworld-2k25-v3
#---------------------------#
@field      = oil-wells
#---------------------------#
@aliases[] = 10:oil-wells
@aliases[] = 20:grass
@aliases[] = 30:type-flame
@aliases[] = 90:water
#---------------------------#
@portals[]  = spawn(3-4, hidden)
#---------------------------#
@portals[]  = subspace-portal(35-13, debug-area-0__desert-portal, yellow-alt)
@locks[]    = flame-portal-flower(35-13, portal-flower, flame, items:flame-core, x10, locked)
#---------------------------#
@portals[]  = west-exit(1-4, debug-area-1__east-exit, left-only)
@portals[]  = east-exit(50-11, debug-area-1e2__west-exit, right-only)
#---------------------------#
@pickups    = flame-core(10),earth-core(5),small-screw(12),large-screw(6),defense-pellet(8),defense-capsule(4),energy-pellet(2),weapon-pellet(2)
#---------------------------#
@population = 15%
@encounters = gockroach-s(70),beetle-borg(70),pyre-fly(30),antlin-g(20),bombomboy(10),power-muscler(1)
@groups[]   = no-encounters_da1-exit-buffer(2-3...4-5)
@groups[]   = no-encounters_da1e2-exit-buffer(48-10...50-12)
@groups[]   = no-encounters_desert-portal-buffer(34-12...36-14)
@groups[]   = no-encounters_desert-barrier-button(17-6...19-8)
@groups[]   = no-encounters_desert-switch-button(38-8...40-10)
#---------------------------#
@actors[]     = purple-reset-dude(48-13, robot, anti-eddie, -, default)
#---------------------------#
@terrain[]   = oil-wells(oil-wells)
@terrain[]   = grass(gentle-countryside)
#---------------------------#
@music[]     = default(stone-man-mm5)
#---------------------------#
@habitats[] = gockroach-s(oil-wells)
@habitats[] = beetle-borg(oil-wells)
@habitats[] = antlin-g(oil-wells)
@habitats[] = bombomboy(grass)
#---------------------------#
@bosses[]    = roaming-boss-1(6-12, oil-man)
@bosses[]    = roaming-boss-2(23-7, heat-man)
@bosses[]    = roaming-boss-4(42-4, pharaoh-man)
@bosses[]    = roaming-boss-3(31-12, charge-man)
@bosses[]    = roaming-boss-5(43-13, solar-man)
@bosses[]    = roaming-boss-6(14-5, stone-man)
#---------------------------#
@items[]     = boss-star-1(6-12, earth-star, oil-man)
@items[]     = boss-star-2(23-7, flame-star, heat-man)
@items[]     = boss-star-3(42-4, flame-star, pharaoh-man)
@items[]     = boss-star-4(31-12, swift-star, charge-man)
@items[]     = boss-star-5(43-13, flame-star, solar-man)
@items[]     = boss-star-6(14-5, earth-star, stone-man)
#---------------------------#
#@items[]     = light-heart-3(5-13, light-heart__3)
#@items[]     = light-heart-4(23-6, light-heart__4)
#@items[]     = light-heart-5(34-7, light-heart__5)
#@items[]     = light-heart-6(44-7, light-heart__6)
#---------------------------#
@hazards[]    = oil-hazard-01(5-8, crude-oil)
@hazards[]    = oil-hazard-02(6-8, crude-oil)
@hazards[]    = oil-hazard-03(9-11, crude-oil)
@hazards[]    = oil-hazard-04(9-12, crude-oil)
@hazards[]    = oil-hazard-05(10-13, crude-oil)
@hazards[]    = oil-hazard-06(10-14, crude-oil)
@hazards[]    = oil-hazard-07(5-11, crude-oil)
@hazards[]    = oil-hazard-08(3-13, crude-oil)
@hazards[]    = oil-hazard-09(7-14, crude-oil)
#---------------------------#
@hazards[]    = flame-hazard-01(22-7, flame-pillar)
@hazards[]    = flame-hazard-02(24-7, flame-pillar)
@hazards[]    = flame-hazard-03(21-9, flame-pillar)
@hazards[]    = flame-hazard-04(23-9, flame-pillar)
@hazards[]    = flame-hazard-05(36-2, flame-pillar)
@hazards[]    = flame-hazard-06(37-3, flame-pillar)
@hazards[]    = flame-hazard-07(38-4, flame-pillar)
@hazards[]    = flame-hazard-08(39-4, flame-pillar)
#---------------------------#
@blocks[]    = super-block-1(29-10, super-block)
@blocks[]    = super-block-2(29-11, super-block)
@blocks[]    = super-block-3(29-12, super-block)
@blocks[]    = super-block-4(29-13, super-block)
#---------------------------#
# B/W BRIDGE TOGGLE SWITCH
#---------------------------#
@switches[]  = bridge-switch-1(39-9, black-white, up, toggle-group-terrain, bridge-group-1, dotted, oil-wells)
@groups[]    = bridge-group-1(37-10, 37-7)
#---------------------------#
# YELLOW BARRIERS w/ BUTTON
#---------------------------#
@buttons[]   = barrier-button-1(18-7, yellow, up, remove-group-blocks, barrier-blocks-1, barrier-block)
@groups[]    = barrier-blocks-1(10-3...10-6, 14-10...17-10, 25-11...25-15)
#---------------------------#
@blocks[]    = barrier-block-1-1(10-3, barrier-block, yellow-vert)
@blocks[]    = barrier-block-1-2(10-4, barrier-block, yellow-vert)
@blocks[]    = barrier-block-1-3(10-5, barrier-block, yellow-vert)
@blocks[]    = barrier-block-1-4(10-6, barrier-block, yellow-vert)
#---------------------------#
@blocks[]    = barrier-block-1-5(14-10, barrier-block, yellow-horz)
@blocks[]    = barrier-block-1-6(15-10, barrier-block, yellow-horz)
@blocks[]    = barrier-block-1-7(16-10, barrier-block, yellow-horz)
@blocks[]    = barrier-block-1-8(17-10, barrier-block, yellow-horz)
#---------------------------#
@blocks[]    = barrier-block-1-9(25-11, barrier-block, yellow-vert)
@blocks[]    = barrier-block-1-10(25-12, barrier-block, yellow-vert)
@blocks[]    = barrier-block-1-11(25-13, barrier-block, yellow-vert)
@blocks[]    = barrier-block-1-12(25-14, barrier-block, yellow-vert)
@blocks[]    = barrier-block-1-13(25-15, barrier-block, yellow-vert)
#---------------------------#
# LIGHT PLAYER PLATFORM
# + INIT ITEMS
#------------------------
@events[]     = light-platform-left(5-2, lightpad-left, any, drop-zone, item:light-program, activate-player-platform)
@events[]     = light-platform-middle(6-2, lightpad-middle, any, drop-zone, item:light-heart, activate-player-platform)
@events[]     = light-platform-right(7-2, lightpad-right, any, drop-zone, item:copy-core, activate-player-platform)
@items[]      = light-init-program(12-5, light-program, anchored)
@items[]      = light-init-heart(3-14, light-heart, anchored)
@items[]      = light-init-core(18-14, copy-core, anchored)
@groups[]     = no-encounters_light-platform-buffer(4-2...8-3)
#---------------------------#
@layer = 0
#---------------------------#
[__],[__],[__],[__],[__],[__],[__],[__],[__],[__],[__],[__],[__],[__],[__],[__],[__],[__],[__],[__],[__],[__],[__],[__],[__],[__],[__],[__],[__],[__],[__],[__],[__],[__],[__],[__],[__],[__],[__],[__],[__],[__],[__],[__],[__],[__],[__],[__],[__],[__]
[__],[__],[10],[10],[10],[10],[10],[10],[__],[__],[10],[10],[10],[10],[__],[__],[10],[10],[10],[10],[10],[10],[10],[10],[10],[10],[10],[10],[10],[10],[10],[10],[10],[10],[10],[10],[10],[10],[10],[10],[10],[10],[10],[10],[10],[10],[10],[__],[__],[__]
[__],[10],[10],[10],[10],[10],[10],[10],[10],[10],[10],[10],[10],[10],[__],[__],[10],[10],[10],[10],[10],[10],[10],[10],[10],[10],[10],[10],[10],[10],[10],[10],[10],[10],[10],[10],[10],[10],[10],[10],[10],[10],[10],[10],[10],[10],[10],[__],[20],[__]
[10],[10],[10],[10],[10],[10],[10],[10],[10],[10],[10],[10],[10],[10],[10],[__],[__],[10],[10],[10],[10],[10],[10],[10],[10],[10],[10],[10],[10],[10],[10],[10],[10],[10],[10],[10],[10],[10],[10],[__],[__],[10],[__],[__],[__],[__],[__],[__],[20],[__]
[__],[10],[10],[10],[10],[10],[10],[10],[10],[10],[10],[10],[10],[10],[10],[10],[__],[__],[__],[__],[10],[10],[10],[10],[10],[10],[10],[10],[10],[10],[10],[10],[10],[10],[10],[10],[10],[__],[__],[__],[10],[10],[10],[10],[10],[10],[10],[10],[20],[__]
[__],[10],[10],[10],[10],[10],[10],[10],[10],[10],[10],[10],[10],[10],[10],[10],[10],[10],[10],[__],[10],[10],[10],[10],[10],[10],[10],[10],[10],[10],[10],[10],[10],[10],[10],[10],[__],[__],[10],[10],[10],[10],[10],[10],[10],[10],[10],[10],[20],[__]
[__],[__],[10],[10],[10],[10],[10],[10],[__],[__],[10],[10],[10],[10],[10],[10],[10],[10],[10],[__],[10],[10],[10],[10],[10],[10],[10],[10],[10],[10],[10],[10],[10],[10],[10],[10],[01],[10],[10],[10],[10],[10],[10],[10],[10],[10],[10],[10],[20],[__]
[__],[__],[__],[__],[10],[10],[__],[__],[__],[__],[__],[10],[10],[10],[10],[10],[10],[10],[10],[__],[10],[10],[10],[10],[10],[10],[__],[__],[__],[__],[__],[__],[10],[10],[10],[__],[__],[10],[10],[10],[10],[10],[10],[10],[10],[10],[10],[10],[20],[__]
[__],[__],[__],[__],[10],[10],[10],[__],[__],[__],[__],[__],[__],[10],[10],[10],[10],[__],[__],[__],[10],[10],[10],[10],[10],[__],[__],[__],[__],[__],[__],[__],[__],[__],[__],[__],[__],[10],[10],[10],[10],[10],[10],[10],[10],[10],[10],[10],[20],[__]
[__],[__],[10],[10],[10],[10],[10],[10],[__],[__],[__],[__],[__],[10],[10],[10],[10],[__],[10],[10],[10],[10],[10],[10],[__],[__],[__],[__],[10],[10],[__],[__],[__],[__],[__],[__],[10],[10],[10],[10],[10],[10],[10],[10],[10],[10],[10],[20],[20],[__]
[__],[10],[10],[10],[10],[10],[10],[10],[10],[__],[__],[10],[10],[10],[10],[10],[10],[__],[10],[10],[10],[10],[10],[10],[10],[10],[10],[10],[10],[10],[10],[10],[10],[10],[10],[10],[__],[__],[10],[10],[10],[10],[10],[10],[20],[20],[20],[20],[20],[20]
[__],[10],[10],[10],[10],[10],[10],[10],[10],[10],[10],[10],[10],[10],[10],[__],[__],[__],[10],[10],[10],[10],[10],[10],[10],[10],[10],[10],[10],[10],[10],[10],[10],[10],[10],[10],[10],[__],[__],[10],[10],[10],[10],[20],[20],[__],[__],[__],[__],[__]
[__],[10],[10],[10],[10],[10],[10],[10],[10],[10],[10],[10],[10],[10],[__],[__],[10],[10],[10],[10],[10],[10],[10],[10],[10],[10],[10],[10],[10],[10],[10],[10],[10],[10],[10],[10],[10],[10],[__],[__],[10],[10],[20],[20],[__],[__],[20],[20],[20],[__]
[__],[10],[10],[10],[10],[10],[10],[10],[10],[10],[10],[10],[10],[10],[10],[10],[10],[10],[10],[10],[10],[10],[10],[10],[10],[10],[10],[10],[__],[__],[10],[10],[10],[10],[10],[10],[10],[10],[10],[__],[__],[10],[20],[20],[20],[20],[20],[10],[10],[__]
[__],[__],[10],[10],[10],[10],[10],[10],[__],[__],[__],[10],[10],[10],[10],[10],[10],[10],[10],[10],[10],[10],[10],[10],[10],[10],[10],[__],[__],[__],[__],[10],[10],[10],[10],[10],[10],[10],[10],[__],[__],[__],[10],[10],[10],[10],[10],[10],[__],[__]
[__],[__],[__],[__],[__],[__],[__],[__],[__],[__],[__],[__],[__],[__],[__],[__],[__],[__],[__],[__],[__],[__],[__],[__],[__],[__],[__],[__],[__],[__],[__],[__],[__],[__],[__],[__],[__],[__],[__],[__],[__],[__],[__],[__],[__],[__],[__],[__],[__],[__]
---------------------------#
@layer = -1
#---------------------------#
[__],[30],[30],[30],[30],[30],[30],[30],[30],[30],[30],[30],[30],[30],[30],[30],[30],[30],[30],[30],[30],[30],[30],[30],[30],[30],[30],[30],[30],[30],[30],[30],[30],[30],[30],[30],[30],[30],[30],[30],[30],[30],[30],[30],[30],[30],[30],[30],[30],[__]
[30],[30],[__],[__],[__],[__],[__],[__],[__],[__],[__],[__],[__],[__],[__],[__],[__],[__],[__],[__],[__],[__],[__],[__],[__],[__],[__],[__],[__],[__],[__],[__],[__],[__],[__],[__],[__],[__],[__],[__],[__],[__],[__],[__],[__],[__],[__],[__],[30],[30]
[30],[__],[__],[__],[__],[__],[__],[__],[__],[__],[__],[__],[__],[__],[__],[__],[__],[__],[__],[__],[__],[__],[__],[__],[__],[__],[__],[__],[__],[__],[__],[__],[__],[__],[__],[__],[__],[__],[__],[__],[__],[__],[__],[__],[__],[__],[__],[__],[__],[30]
[__],[__],[__],[__],[__],[__],[__],[__],[__],[__],[__],[__],[__],[__],[__],[__],[__],[__],[__],[__],[__],[__],[__],[__],[__],[__],[__],[__],[__],[__],[__],[__],[__],[__],[__],[__],[__],[__],[__],[__],[__],[__],[__],[__],[__],[__],[__],[__],[__],[30]
[30],[__],[__],[__],[__],[__],[__],[__],[__],[__],[__],[__],[__],[__],[__],[__],[__],[__],[__],[__],[__],[__],[__],[__],[__],[__],[__],[__],[__],[__],[__],[__],[__],[__],[__],[__],[__],[__],[__],[__],[__],[__],[__],[__],[__],[__],[__],[__],[__],[30]
[30],[__],[__],[__],[__],[__],[__],[__],[__],[__],[__],[__],[__],[__],[__],[__],[__],[__],[__],[__],[__],[__],[__],[__],[__],[__],[__],[__],[__],[__],[__],[__],[__],[__],[__],[__],[__],[__],[__],[__],[__],[__],[__],[__],[__],[__],[__],[__],[__],[30]
[30],[__],[__],[__],[__],[__],[__],[__],[__],[__],[__],[__],[__],[__],[__],[__],[__],[__],[__],[__],[__],[__],[__],[__],[__],[__],[__],[__],[__],[__],[__],[__],[__],[__],[__],[__],[__],[__],[__],[__],[__],[__],[__],[__],[__],[__],[__],[__],[__],[30]
[30],[__],[__],[__],[__],[__],[__],[__],[__],[__],[__],[__],[__],[__],[__],[__],[__],[__],[__],[__],[__],[__],[__],[__],[__],[__],[__],[__],[__],[__],[__],[__],[__],[__],[__],[__],[__],[__],[__],[__],[__],[__],[__],[__],[__],[__],[__],[__],[__],[30]
[30],[__],[__],[__],[__],[__],[__],[__],[__],[__],[__],[__],[__],[__],[__],[__],[__],[__],[__],[__],[__],[__],[__],[__],[__],[__],[__],[__],[__],[__],[__],[__],[__],[__],[__],[__],[__],[__],[__],[__],[__],[__],[__],[__],[__],[__],[__],[__],[__],[30]
[30],[__],[__],[__],[__],[__],[__],[__],[__],[__],[__],[__],[__],[__],[__],[__],[__],[__],[__],[__],[__],[__],[__],[__],[__],[__],[__],[__],[__],[__],[__],[__],[__],[__],[__],[__],[__],[__],[__],[__],[__],[__],[__],[__],[__],[__],[__],[__],[__],[30]
[30],[__],[__],[__],[__],[__],[__],[__],[__],[__],[__],[__],[__],[__],[__],[__],[__],[__],[__],[__],[__],[__],[__],[__],[__],[__],[__],[__],[__],[__],[__],[__],[__],[__],[__],[__],[__],[__],[__],[__],[__],[__],[__],[__],[__],[__],[__],[__],[__],[__]
[30],[__],[__],[__],[__],[__],[__],[__],[__],[__],[__],[__],[__],[__],[__],[__],[__],[__],[__],[__],[__],[__],[__],[__],[__],[__],[__],[__],[__],[__],[__],[__],[__],[__],[__],[__],[__],[__],[__],[__],[__],[__],[__],[__],[__],[__],[__],[__],[__],[30]
[30],[__],[__],[__],[__],[__],[__],[__],[__],[__],[__],[__],[__],[__],[__],[__],[__],[__],[__],[__],[__],[__],[__],[__],[__],[__],[__],[__],[__],[__],[__],[__],[__],[__],[__],[__],[__],[__],[__],[__],[__],[__],[__],[__],[__],[__],[__],[__],[__],[30]
[30],[__],[__],[__],[__],[__],[__],[__],[__],[__],[__],[__],[__],[__],[__],[__],[__],[__],[__],[__],[__],[__],[__],[__],[__],[__],[__],[__],[__],[__],[__],[__],[__],[__],[__],[__],[__],[__],[__],[__],[__],[__],[__],[__],[__],[__],[__],[__],[__],[30]
[30],[30],[__],[__],[__],[__],[__],[__],[__],[__],[__],[__],[__],[__],[__],[__],[__],[__],[__],[__],[__],[__],[__],[__],[__],[__],[__],[__],[__],[__],[__],[__],[__],[__],[__],[__],[__],[__],[__],[__],[__],[__],[__],[__],[__],[__],[__],[__],[30],[30]
[__],[30],[30],[30],[30],[30],[30],[30],[30],[30],[30],[30],[30],[30],[30],[30],[30],[30],[30],[30],[30],[30],[30],[30],[30],[30],[30],[30],[30],[30],[30],[30],[30],[30],[30],[30],[30],[30],[30],[30],[30],[30],[30],[30],[30],[30],[30],[30],[30],[__]
#---------------------------#
@layer = 1
#---------------------------#
[__],[__],[__],[__],[__],[__],[__],[__],[__],[__],[__],[__],[__],[__],[__],[__],[__],[__],[__],[__],[__],[__],[__],[__],[__],[__],[__],[__],[__],[__],[__],[__],[__],[__],[__],[__],[__],[__],[__],[__],[__],[__],[__],[__],[__],[__],[__],[__],[__],[__]
[__],[__],[__],[__],[__],[__],[__],[__],[__],[__],[__],[__],[__],[__],[__],[__],[__],[__],[__],[__],[__],[__],[__],[__],[__],[__],[__],[__],[__],[__],[__],[__],[__],[__],[__],[__],[__],[__],[__],[__],[__],[__],[__],[__],[__],[__],[__],[__],[__],[__]
[__],[__],[__],[__],[__],[__],[__],[__],[__],[__],[__],[__],[__],[__],[__],[__],[__],[__],[__],[__],[__],[__],[__],[__],[__],[__],[__],[__],[__],[__],[__],[__],[__],[__],[__],[__],[__],[__],[__],[__],[__],[__],[__],[__],[__],[__],[__],[__],[__],[90]
[__],[__],[__],[__],[__],[__],[__],[__],[__],[__],[__],[__],[__],[__],[__],[__],[__],[__],[__],[__],[__],[__],[__],[__],[__],[__],[__],[__],[__],[__],[__],[__],[__],[__],[__],[__],[__],[__],[__],[__],[__],[__],[__],[__],[__],[__],[__],[__],[90],[90]
[__],[__],[__],[__],[__],[__],[__],[__],[__],[__],[__],[__],[__],[__],[__],[__],[__],[__],[__],[__],[__],[__],[__],[__],[__],[__],[__],[__],[__],[__],[__],[__],[__],[__],[__],[__],[__],[__],[__],[__],[__],[__],[__],[__],[__],[__],[__],[__],[90],[90]
[__],[__],[__],[__],[__],[__],[__],[__],[__],[__],[__],[__],[__],[__],[__],[__],[__],[__],[__],[__],[__],[__],[__],[__],[__],[__],[__],[__],[__],[__],[__],[__],[__],[__],[__],[__],[__],[__],[__],[__],[__],[__],[__],[__],[__],[__],[__],[__],[90],[90]
[__],[__],[__],[__],[__],[__],[__],[__],[__],[__],[__],[__],[__],[__],[__],[__],[__],[__],[__],[__],[__],[__],[__],[__],[__],[__],[__],[__],[__],[__],[__],[__],[__],[__],[__],[__],[__],[__],[__],[__],[__],[__],[__],[__],[__],[__],[__],[__],[90],[90]
[__],[__],[__],[__],[__],[__],[__],[__],[__],[__],[__],[__],[__],[__],[__],[__],[__],[__],[__],[__],[__],[__],[__],[__],[__],[__],[__],[__],[__],[__],[__],[__],[__],[__],[__],[__],[__],[__],[__],[__],[__],[__],[__],[__],[__],[__],[__],[__],[90],[90]
[__],[__],[__],[__],[__],[__],[__],[__],[__],[__],[__],[__],[__],[__],[__],[__],[__],[__],[__],[__],[__],[__],[__],[__],[__],[__],[__],[__],[__],[__],[__],[__],[__],[__],[__],[__],[__],[__],[__],[__],[__],[__],[__],[__],[__],[__],[__],[__],[90],[90]
[__],[__],[__],[__],[__],[__],[__],[__],[__],[__],[__],[__],[__],[__],[__],[__],[__],[__],[__],[__],[__],[__],[__],[__],[__],[__],[__],[__],[__],[__],[__],[__],[__],[__],[__],[__],[__],[__],[__],[__],[__],[__],[__],[__],[__],[__],[__],[90],[90],[90]
[__],[__],[__],[__],[__],[__],[__],[__],[__],[__],[__],[__],[__],[__],[__],[__],[__],[__],[__],[__],[__],[__],[__],[__],[__],[__],[__],[__],[__],[__],[__],[__],[__],[__],[__],[__],[__],[__],[__],[__],[__],[__],[__],[__],[90],[90],[90],[90],[90],[90]
[__],[__],[__],[__],[__],[__],[__],[__],[__],[__],[__],[__],[__],[__],[__],[__],[__],[__],[__],[__],[__],[__],[__],[__],[__],[__],[__],[__],[__],[__],[__],[__],[__],[__],[__],[__],[__],[__],[__],[__],[__],[__],[__],[90],[90],[90],[90],[90],[90],[90]
[__],[__],[__],[__],[__],[__],[__],[__],[__],[__],[__],[__],[__],[__],[__],[__],[__],[__],[__],[__],[__],[__],[__],[__],[__],[__],[__],[__],[__],[__],[__],[__],[__],[__],[__],[__],[__],[__],[__],[__],[__],[__],[90],[90],[90],[90],[90],[90],[90],[90]
[__],[__],[__],[__],[__],[__],[__],[__],[__],[__],[__],[__],[__],[__],[__],[__],[__],[__],[__],[__],[__],[__],[__],[__],[__],[__],[__],[__],[__],[__],[__],[__],[__],[__],[__],[__],[__],[__],[__],[__],[__],[__],[90],[90],[90],[90],[90],[90],[90],[90]
[__],[__],[__],[__],[__],[__],[__],[__],[__],[__],[__],[__],[__],[__],[__],[__],[__],[__],[__],[__],[__],[__],[__],[__],[__],[__],[__],[__],[__],[__],[__],[__],[__],[__],[__],[__],[__],[__],[__],[__],[__],[__],[__],[__],[__],[__],[90],[90],[90],[90]
[__],[__],[__],[__],[__],[__],[__],[__],[__],[__],[__],[__],[__],[__],[__],[__],[__],[__],[__],[__],[__],[__],[__],[__],[__],[__],[__],[__],[__],[__],[__],[__],[__],[__],[__],[__],[__],[__],[__],[__],[__],[__],[__],[__],[__],[__],[__],[__],[__],[__]
#---------------------------#
