#---------------------------#
# DEBUG AREA 1E2 (CITY)
@token    = debug-area-1e2
@name     = DEBUG Area 1E2
@level    = 60
@size     = 19 x 21
@sheet    = mmrpg-overworld-2k25-v3
#---------------------------#
@field        = waterworks-dam
#---------------------------#
@aliases[] = 10:plain
@aliases[] = 20:grass
@aliases[] = 30:ground
@aliases[] = 50:beach
@aliases[] = 40:type-impact
@aliases[] = 90:water
#---------------------------#
@portals[]  = spawn(3-12, hidden)
#---------------------------#
@portals[]  = subspace-portal(17-12, debug-area-0__works-portal, orange-alt)
@locks[]    = impact-portal-flower(17-12, portal-flower, impact, items:impact-core, x10, locked)
#---------------------------#
@portals[]  = west-exit(1-12, debug-area-1e__east-exit, left-only)
@portals[]  = south-exit(10-21, debug-area-1s2__north-east-exit, down-only)
#---------------------------#
@pickups      = impact-core(10),small-screw(2),large-screw(3),super-pellet(5),super-capsule(4),energy-capsule(2)
#---------------------------#
@encounters   = bombomboy(10),blocky(12),arc-weldy(12),picket-man(6),tosanaizer-v(3),air-stone(9),robo-fishtot(10)
@groups[]     = no-encounters_da1e-exit-buffer(1-11...3-13)
@groups[]     = no-encounters_da1s2-exit-buffer(16-11...17-13)
#---------------------------#
@actors[]     = purple-reset-dude(16-14, robot, anti-eddie, -, default)
#---------------------------#
@terrain[]   = grass(gentle-countryside)
@terrain[]   = plain(waterworks-dam)
@terrain[]   = ground(maniacal-hideaway)
@terrain[]   = water(space-simulator)
#---------------------------#
@habitats[] = bombomboy(grass)
@habitats[] = blocky(plain)
@habitats[] = arc-weldy(plain)
@habitats[] = picket-man(ground)
@habitats[] = tosanaizer-v(ground)
@habitats[] = air-stone(ground)
@habitats[] = robo-fishtot(water)
#---------------------------#
@bosses[]   = roaming-boss-1(10-6, concrete-man)
@bosses[]   = roaming-boss-2(10-12, guts-man)
@bosses[]   = roaming-boss-3(8-9, pump-man)
@bosses[]   = roaming-boss-4(12-9, wave-man)
@bosses[]   = roaming-boss-5(10-19, block-man)
#---------------------------#
@items[]   = boss-star-1(10-6, earth-star, concrete-man)
@items[]   = boss-star-2(10-12, impact-star, guts-man)
@items[]   = boss-star-3(8-9, water-star, pump-man)
@items[]   = boss-star-4(12-9, water-star, wave-man)
@items[]   = boss-star-5(10-19, earth-star, block-man)
#---------------------------#
@groups[]    = entrance-area(3-11, 4-11, 5-11, 4-10, 4-12)
@groups[]    = no-encounters(entrance-area)
#---------------------------#
@layer = 0
#---------------------------#
[__],[__],[__],[__],[__],[__],[__],[__],[__],[__],[__],[__],[__],[__],[__],[__],[__],[__],[__]
[__],[__],[__],[__],[__],[__],[__],[__],[__],[30],[__],[__],[__],[__],[__],[__],[__],[__],[__]
[__],[__],[__],[__],[__],[__],[__],[__],[__],[30],[__],[__],[__],[__],[__],[__],[__],[__],[__]
[__],[__],[__],[__],[__],[__],[__],[__],[__],[30],[__],[__],[__],[__],[__],[__],[__],[__],[__]
[__],[__],[__],[__],[__],[__],[__],[__],[__],[30],[__],[__],[__],[__],[__],[__],[__],[__],[__]
[__],[__],[__],[__],[__],[__],[__],[30],[30],[30],[30],[30],[__],[__],[__],[__],[__],[__],[__]
[__],[__],[__],[__],[__],[__],[__],[30],[__],[__],[__],[30],[__],[__],[__],[__],[__],[__],[__]
[__],[__],[__],[__],[__],[__],[__],[30],[__],[__],[__],[30],[__],[__],[__],[__],[__],[__],[__]
[__],[__],[__],[__],[__],[__],[__],[30],[__],[__],[__],[30],[__],[__],[__],[__],[__],[__],[__]
[__],[__],[__],[__],[__],[__],[__],[30],[__],[__],[__],[30],[__],[__],[__],[__],[__],[__],[__]
[__],[__],[__],[__],[__],[__],[__],[30],[__],[__],[__],[30],[__],[__],[__],[__],[__],[__],[__]
[__],[__],[__],[__],[__],[__],[__],[30],[30],[30],[30],[30],[__],[__],[__],[__],[__],[__],[__]
[__],[__],[__],[__],[__],[__],[__],[__],[__],[30],[__],[__],[__],[__],[__],[__],[__],[__],[__]
[__],[__],[__],[__],[__],[__],[__],[__],[__],[30],[__],[__],[__],[__],[__],[__],[__],[__],[__]
[__],[__],[__],[__],[__],[__],[__],[__],[__],[30],[__],[__],[__],[__],[__],[__],[__],[__],[__]
[__],[__],[__],[__],[__],[__],[__],[30],[30],[30],[30],[30],[__],[__],[__],[__],[__],[__],[__]
[__],[__],[__],[__],[__],[__],[__],[30],[30],[30],[30],[30],[__],[__],[__],[__],[__],[__],[__]
[__],[__],[__],[__],[__],[__],[__],[30],[30],[30],[30],[30],[__],[__],[__],[__],[__],[__],[__]
[__],[__],[__],[__],[__],[__],[__],[30],[30],[50],[30],[30],[__],[__],[__],[__],[__],[__],[__]
[__],[__],[__],[__],[__],[__],[__],[__],[30],[50],[30],[__],[__],[__],[__],[__],[__],[__],[__]
[__],[__],[__],[__],[__],[__],[__],[__],[__],[50],[__],[__],[__],[__],[__],[__],[__],[__],[__]
#---------------------------#
@layer = 1
#---------------------------#
[__],[__],[__],[__],[__],[__],[__],[__],[__],[__],[__],[__],[__],[__],[__],[__],[__],[__],[__]
[__],[__],[__],[__],[10],[10],[10],[10],[10],[10],[10],[10],[10],[10],[10],[__],[__],[__],[__]
[__],[__],[__],[20],[10],[10],[10],[10],[10],[10],[10],[10],[10],[10],[10],[20],[__],[__],[__]
[__],[__],[__],[20],[10],[10],[10],[10],[10],[10],[10],[10],[10],[10],[10],[20],[__],[__],[__]
[__],[__],[__],[20],[10],[10],[10],[10],[10],[10],[10],[10],[10],[10],[10],[20],[__],[__],[__]
[__],[__],[__],[20],[10],[10],[10],[10],[10],[10],[10],[10],[10],[10],[10],[20],[__],[__],[__]
[__],[__],[__],[20],[10],[10],[10],[10],[__],[__],[__],[10],[10],[10],[10],[20],[__],[__],[__]
[__],[__],[__],[20],[10],[10],[10],[10],[__],[__],[__],[10],[10],[10],[10],[20],[__],[__],[__]
[__],[__],[__],[__],[__],[__],[__],[10],[__],[__],[__],[10],[__],[__],[__],[__],[__],[__],[__]
[__],[__],[__],[20],[10],[10],[10],[10],[__],[__],[__],[10],[10],[10],[10],[20],[__],[__],[__]
[__],[__],[20],[20],[10],[10],[10],[10],[__],[__],[__],[10],[10],[10],[10],[20],[20],[__],[__]
[20],[20],[20],[20],[10],[10],[10],[10],[10],[10],[10],[10],[10],[10],[10],[20],[20],[__],[__]
[__],[__],[20],[20],[10],[10],[10],[10],[10],[10],[10],[10],[10],[10],[10],[20],[20],[__],[__]
[__],[__],[__],[20],[10],[10],[10],[10],[10],[10],[10],[10],[10],[10],[10],[20],[__],[__],[__]
[__],[__],[__],[__],[10],[10],[10],[10],[10],[10],[10],[10],[10],[10],[10],[__],[__],[__],[__]
[__],[__],[__],[__],[__],[__],[__],[10],[10],[10],[10],[10],[__],[__],[__],[__],[__],[__],[__]
[__],[__],[__],[__],[__],[__],[__],[10],[10],[10],[10],[10],[__],[__],[__],[__],[__],[__],[__]
[__],[__],[__],[__],[__],[__],[__],[10],[10],[10],[10],[10],[__],[__],[__],[__],[__],[__],[__]
[__],[__],[__],[__],[__],[__],[__],[10],[10],[50],[10],[10],[__],[__],[__],[__],[__],[__],[__]
[__],[__],[__],[__],[__],[__],[__],[__],[10],[50],[10],[__],[__],[__],[__],[__],[__],[__],[__]
[__],[__],[__],[__],[__],[__],[__],[__],[__],[50],[__],[__],[__],[__],[__],[__],[__],[__],[__]
#---------------------------#
@layer = 2
#---------------------------#
[__],[__],[__],[90],[90],[90],[90],[90],[90],[90],[90],[90],[90],[90],[90],[90],[__],[__],[__]
[__],[__],[90],[90],[90],[90],[90],[90],[90],[90],[90],[90],[90],[90],[90],[90],[90],[__],[__]
[__],[90],[90],[90],[90],[90],[90],[90],[90],[90],[90],[90],[90],[90],[90],[90],[90],[90],[__]
[90],[90],[90],[90],[90],[90],[90],[90],[90],[90],[90],[90],[90],[90],[90],[90],[90],[90],[90]
[90],[90],[90],[90],[90],[90],[90],[90],[90],[90],[90],[90],[90],[90],[90],[90],[90],[90],[90]
[90],[90],[90],[90],[90],[90],[90],[90],[90],[90],[90],[90],[90],[90],[90],[90],[90],[90],[90]
[90],[90],[90],[90],[90],[90],[90],[90],[90],[90],[90],[90],[90],[90],[90],[90],[90],[90],[90]
[90],[90],[90],[90],[90],[90],[90],[90],[90],[90],[90],[90],[90],[90],[90],[90],[90],[90],[90]
[90],[90],[90],[90],[90],[90],[90],[90],[90],[90],[90],[90],[90],[90],[90],[90],[90],[90],[90]
[90],[90],[90],[90],[90],[90],[90],[90],[90],[90],[90],[90],[90],[90],[90],[90],[90],[90],[90]
[90],[90],[90],[90],[90],[90],[90],[90],[90],[90],[90],[90],[90],[90],[90],[90],[90],[90],[90]
[90],[90],[90],[90],[90],[90],[90],[90],[90],[90],[90],[90],[90],[90],[90],[90],[90],[90],[90]
[90],[90],[90],[90],[90],[90],[90],[90],[90],[90],[90],[90],[90],[90],[90],[90],[90],[90],[90]
[90],[90],[90],[90],[90],[90],[90],[90],[90],[90],[90],[90],[90],[90],[90],[90],[90],[90],[90]
[90],[90],[90],[90],[90],[90],[90],[90],[90],[90],[90],[90],[90],[90],[90],[90],[90],[90],[90]
[__],[90],[90],[90],[90],[90],[90],[90],[90],[90],[90],[90],[90],[90],[90],[90],[90],[90],[__]
[__],[__],[90],[90],[90],[90],[90],[90],[90],[90],[90],[90],[90],[90],[90],[90],[90],[__],[__]
[__],[__],[__],[__],[__],[90],[90],[90],[90],[90],[90],[90],[90],[90],[__],[__],[__],[__],[__]
[__],[__],[__],[__],[__],[90],[90],[90],[90],[90],[90],[90],[90],[90],[__],[__],[__],[__],[__]
[__],[__],[__],[__],[__],[__],[90],[90],[90],[90],[90],[90],[90],[90],[__],[__],[__],[__],[__]
[__],[__],[__],[__],[__],[__],[90],[90],[90],[90],[90],[90],[90],[__],[__],[__],[__],[__],[__]
#---------------------------#
@layer = -1
#---------------------------#
[__],[__],[__],[40],[40],[40],[40],[40],[40],[40],[40],[40],[40],[40],[40],[40],[__],[__],[__]
[__],[__],[40],[40],[__],[__],[__],[__],[__],[__],[__],[__],[__],[__],[__],[40],[40],[__],[__]
[__],[40],[40],[__],[__],[__],[__],[__],[__],[__],[__],[__],[__],[__],[__],[__],[40],[40],[__]
[40],[40],[__],[__],[__],[__],[__],[__],[__],[__],[__],[__],[__],[__],[__],[__],[__],[40],[40]
[40],[__],[__],[__],[__],[__],[__],[__],[__],[__],[__],[__],[__],[__],[__],[__],[__],[__],[40]
[__],[__],[__],[__],[__],[__],[__],[__],[__],[__],[__],[__],[__],[__],[__],[__],[__],[__],[40]
[__],[__],[__],[__],[__],[__],[__],[__],[__],[__],[__],[__],[__],[__],[__],[__],[__],[__],[40]
[__],[__],[__],[__],[__],[__],[__],[__],[__],[__],[__],[__],[__],[__],[__],[__],[__],[__],[40]
[__],[__],[__],[__],[__],[__],[__],[__],[__],[__],[__],[__],[__],[__],[__],[__],[__],[__],[40]
[__],[__],[__],[__],[__],[__],[__],[__],[__],[__],[__],[__],[__],[__],[__],[__],[__],[__],[40]
[__],[__],[__],[__],[__],[__],[__],[__],[__],[__],[__],[__],[__],[__],[__],[__],[__],[__],[40]
[__],[__],[__],[__],[__],[__],[__],[__],[__],[__],[__],[__],[__],[__],[__],[__],[__],[__],[40]
[__],[__],[__],[__],[__],[__],[__],[__],[__],[__],[__],[__],[__],[__],[__],[__],[__],[__],[40]
[40],[__],[__],[__],[__],[__],[__],[__],[__],[__],[__],[__],[__],[__],[__],[__],[__],[__],[40]
[40],[40],[__],[__],[__],[__],[__],[__],[__],[__],[__],[__],[__],[__],[__],[__],[__],[40],[40]
[__],[40],[40],[__],[__],[__],[__],[__],[__],[__],[__],[__],[__],[__],[__],[__],[40],[40],[__]
[__],[__],[40],[40],[40],[40],[__],[__],[__],[__],[__],[__],[__],[40],[40],[40],[40],[__],[__]
[__],[__],[__],[__],[__],[40],[__],[__],[__],[__],[__],[__],[__],[40],[__],[__],[__],[__],[__]
[__],[__],[__],[__],[__],[40],[__],[__],[__],[__],[__],[__],[__],[40],[__],[__],[__],[__],[__]
[__],[__],[__],[__],[__],[40],[40],[__],[__],[__],[__],[__],[40],[40],[__],[__],[__],[__],[__]
[__],[__],[__],[__],[__],[__],[40],[40],[40],[__],[40],[40],[40],[__],[__],[__],[__],[__],[__]
#---------------------------#
