#---------------------------#
# DEBUG AREA 1E (DESERT)
@token    = debug-area-1e
@name     = DEBUG Area 1E
@level    = 40
@size     = 50 x 16
@sheet    = mmrpg-overworld-2k25
#---------------------------#
@portals[]  = spawn(3-4, hidden)
#---------------------------#
@portals[]  = subspace-portal(35-13, debug-area-0__desert-portal, yellow-alt)
#---------------------------#
@portals[]  = west-exit(1-4, debug-area-1__east-exit, left-only)
@portals[]  = east-exit(50-11, debug-area-1e2__west-exit, right-only)
#---------------------------#
@field      = oil-wells
#---------------------------#
@pickups    = small-screw(12),large-screw(6),defense-pellet(8),defense-capsule(4),energy-pellet(2),weapon-pellet(2)
#---------------------------#
@encounters = gockroach-s(70),beetle-borg(70),antlin-g(20),bombomboy(5),power-muscler(1)
@groups[]   = no-encounters_da1-exit-buffer(2-3...4-5)
@groups[]   = no-encounters_da1e2-exit-buffer(48-10...50-12)
@groups[]   = no-encounters_desert-portal-buffer(34-12...36-14)
#---------------------------#
@terrain[]   = desert(oil-wells)
@terrain[]   = grass(gentle-countryside)
#---------------------------#
@habitats[] = gockroach-s(desert)
@habitats[] = beetle-borg(desert)
@habitats[] = antlin-g(desert)
@habitats[] = bombomboy(grass)
#---------------------------#
@bosses[]    = roaming-boss-1(6-12, oil-man)
@bosses[]    = roaming-boss-2(23-7, heat-man)
@bosses[]    = roaming-boss-4(42-4, pharaoh-man)
@bosses[]    = roaming-boss-3(31-12, charge-man)
@bosses[]    = roaming-boss-5(43-13, solar-man)
#---------------------------#
@items[]     = fallen-star-1(6-12, earth-star, oil-man)
@items[]     = fallen-star-2(23-7, flame-star, heat-man)
@items[]     = fallen-star-3(42-4, flame-star, pharaoh-man)
@items[]     = fallen-star-4(31-12, swift-star, charge-man)
@items[]     = fallen-star-5(43-13, flame-star, solar-man)
#---------------------------#
#@items[]     = light-heart-3(5-13, light-heart__3)
#@items[]     = light-heart-4(23-6, light-heart__4)
#@items[]     = light-heart-5(34-7, light-heart__5)
#@items[]     = light-heart-6(44-7, light-heart__6)
#---------------------------#
@hazards[]    = oil-hazard-01(5-8, crude-oil)
@hazards[]    = oil-hazard-02(6-8, crude-oil)
@hazards[]    = oil-hazard-03(9-11, crude-oil)
@hazards[]    = oil-hazard-04(9-12, crude-oil)
@hazards[]    = oil-hazard-05(10-13, crude-oil)
@hazards[]    = oil-hazard-06(10-14, crude-oil)
@hazards[]    = oil-hazard-07(5-11, crude-oil)
@hazards[]    = oil-hazard-08(3-13, crude-oil)
@hazards[]    = oil-hazard-09(7-14, crude-oil)
#---------------------------#
@blocks[]    = super-block-1(29-10, super-block)
@blocks[]    = super-block-2(29-11, super-block)
@blocks[]    = super-block-3(29-12, super-block)
@blocks[]    = super-block-4(29-13, super-block)
#---------------------------#
#---------------------------#
[__],[__],[__],[__],[__],[__],[__],[__],[__],[__],[__],[__],[__],[__],[__],[__],[__],[__],[__],[__],[__],[__],[__],[__],[__],[__],[__],[__],[__],[__],[__],[__],[__],[__],[__],[__],[__],[__],[__],[__],[__],[__],[__],[__],[__],[__],[__],[__],[__],[__]
[__],[__],[31],[31],[31],[31],[31],[31],[__],[__],[31],[31],[31],[31],[__],[__],[31],[31],[31],[31],[31],[31],[31],[31],[31],[31],[31],[31],[31],[31],[31],[31],[31],[31],[31],[31],[31],[31],[31],[31],[31],[31],[31],[31],[31],[31],[31],[__],[__],[__]
[__],[31],[30],[30],[30],[30],[30],[30],[31],[31],[30],[30],[30],[30],[__],[__],[32],[30],[30],[30],[30],[30],[30],[30],[30],[30],[30],[30],[30],[30],[30],[30],[30],[30],[30],[30],[30],[30],[30],[32],[32],[30],[30],[32],[32],[32],[32],[__],[__],[99]
[30],[30],[30],[30],[30],[30],[30],[30],[30],[30],[30],[30],[30],[30],[31],[__],[__],[32],[32],[32],[30],[30],[30],[30],[30],[30],[30],[30],[30],[30],[30],[30],[30],[30],[30],[30],[30],[32],[32],[__],[__],[30],[__],[__],[__],[__],[__],[__],[10],[99]
[__],[30],[30],[30],[30],[30],[30],[30],[30],[30],[30],[30],[30],[30],[30],[31],[__],[__],[__],[__],[30],[30],[30],[30],[30],[30],[30],[30],[30],[30],[30],[30],[30],[30],[30],[30],[32],[__],[__],[__],[31],[30],[31],[31],[31],[31],[31],[31],[10],[99]
[__],[32],[30],[30],[30],[30],[30],[30],[32],[32],[30],[30],[30],[30],[30],[30],[31],[31],[31],[__],[30],[30],[30],[30],[30],[30],[30],[30],[30],[30],[30],[30],[30],[30],[30],[30],[__],[__],[31],[31],[30],[30],[30],[30],[30],[30],[30],[30],[10],[99]
[__],[__],[32],[32],[30],[30],[32],[32],[__],[__],[32],[30],[30],[30],[30],[30],[30],[30],[30],[__],[30],[30],[30],[30],[30],[30],[32],[32],[32],[32],[32],[32],[30],[30],[30],[32],[__],[31],[30],[30],[30],[30],[30],[30],[30],[30],[30],[30],[10],[99]
[__],[__],[__],[__],[30],[30],[__],[__],[__],[__],[__],[32],[32],[30],[30],[30],[30],[32],[32],[__],[30],[30],[30],[30],[30],[32],[__],[__],[__],[__],[__],[__],[32],[32],[32],[__],[__],[30],[30],[30],[30],[30],[30],[30],[30],[30],[30],[30],[10],[99]
[__],[__],[__],[__],[30],[30],[31],[__],[__],[__],[__],[__],[__],[30],[30],[30],[30],[__],[__],[__],[30],[30],[30],[30],[32],[__],[__],[__],[__],[__],[__],[__],[__],[__],[__],[__],[__],[30],[30],[30],[30],[30],[30],[30],[30],[30],[30],[30],[10],[99]
[__],[__],[31],[31],[30],[30],[30],[31],[__],[__],[__],[__],[__],[30],[30],[30],[30],[__],[31],[31],[30],[30],[30],[30],[__],[__],[__],[__],[31],[31],[__],[__],[__],[__],[__],[__],[__],[32],[30],[30],[30],[30],[30],[30],[30],[30],[30],[10],[10],[99]
[__],[31],[30],[30],[30],[30],[30],[30],[31],[__],[__],[31],[31],[30],[30],[32],[32],[__],[30],[30],[30],[30],[30],[30],[31],[31],[31],[31],[30],[30],[31],[31],[31],[31],[31],[31],[__],[__],[32],[30],[30],[30],[30],[30],[10],[10],[10],[10],[10],[10]
[__],[30],[30],[30],[30],[30],[30],[30],[30],[31],[31],[30],[30],[30],[32],[__],[__],[__],[30],[30],[30],[30],[30],[30],[30],[30],[30],[30],[30],[30],[30],[30],[30],[30],[30],[30],[31],[__],[__],[32],[30],[30],[30],[10],[10],[99],[99],[99],[99],[99]
[__],[30],[30],[30],[30],[30],[30],[30],[30],[30],[30],[30],[30],[30],[__],[__],[31],[31],[30],[30],[30],[30],[30],[30],[30],[30],[30],[30],[32],[32],[30],[30],[30],[30],[30],[30],[30],[31],[__],[__],[32],[30],[10],[10],[99],[99],[10],[10],[10],[99]
[__],[32],[30],[30],[30],[30],[30],[30],[32],[32],[32],[30],[30],[30],[31],[31],[30],[30],[30],[30],[30],[30],[30],[30],[30],[30],[30],[32],[__],[__],[32],[30],[30],[30],[30],[30],[30],[30],[31],[__],[__],[32],[10],[10],[10],[10],[10],[30],[32],[99]
[__],[__],[32],[32],[32],[32],[32],[32],[__],[__],[__],[32],[32],[32],[32],[32],[32],[32],[32],[32],[32],[32],[32],[32],[32],[32],[32],[__],[__],[__],[__],[32],[32],[32],[32],[32],[32],[32],[32],[__],[__],[__],[32],[32],[32],[32],[32],[32],[__],[__]
[__],[__],[__],[__],[__],[__],[__],[__],[__],[__],[__],[__],[__],[__],[__],[__],[__],[__],[__],[__],[__],[__],[__],[__],[__],[__],[__],[__],[__],[__],[__],[__],[__],[__],[__],[__],[__],[__],[__],[__],[__],[__],[__],[__],[__],[__],[__],[__],[__],[__]
#---------------------------#
