#---------------------------#
# DEBUG AREA 1S (WATER)
@token    = debug-area-1s
@name     = DEBUG Area 1S
@level    = 10
@size     = 10 x 13
@sheet    = mmrpg-overworld-2k25
#---------------------------#
@portals[]  = spawn(5-2, hidden)
@portals[]  = goto__debug-area-1(5-2, 6-10)
#---------------------------#
@field    = waterfall-institute
#---------------------------#
@encounters  = snapper(5),octone(5),shelln(1)
#---------------------------#
@terrain[]   = beach(oil-wells)
#---------------------------#
@habitats[]  = octone(water)
@habitats[]  = shelln(beach,water)
@habitats[]  = snapper(beach)
#---------------------------#
[__],[__],[99],[99],[99],[99],[99],[99],[__],[__]
[__],[99],[99],[99],[40],[99],[99],[99],[99],[__]
[__],[99],[99],[40],[40],[40],[99],[99],[99],[__]
[__],[99],[99],[40],[40],[40],[99],[40],[99],[__]
[__],[99],[99],[40],[40],[40],[99],[99],[99],[__]
[__],[99],[99],[99],[40],[40],[40],[99],[99],[__]
[__],[99],[99],[99],[99],[40],[40],[99],[99],[__]
[__],[99],[99],[99],[99],[40],[99],[99],[99],[__]
[__],[99],[99],[99],[40],[40],[99],[99],[99],[__]
[__],[99],[99],[40],[40],[99],[99],[99],[99],[__]
[__],[99],[99],[99],[99],[99],[99],[99],[99],[__]
[__],[__],[99],[99],[99],[99],[99],[99],[__],[__]
[__],[__],[__],[__],[__],[__],[__],[__],[__],[__]
#---------------------------#
