#---------------------------#
# DEBUG AREA 1S (WATER)
@token    = debug-area-1s
@name     = DEBUG Area 1S
@level    = 10
@size     = 13 x 13
@sheet    = mmrpg-overworld-2k25
#---------------------------#
@field      = waterfall-institute
#---------------------------#
@portals[]  = spawn(6-2, hidden)
#---------------------------#
@portals[]  = subspace-portal(10-9, debug-area-0__beach-portal, blue-alt)
@locks[]    = water-portal-flower(10-9, portal-flower, water, items:water-core, x10, locked)
#---------------------------#
@portals[]  = north-exit(6-1, debug-area-1__south-exit, up-only)
@portals[]  = south-exit(5-13, debug-area-1s2__north-west-exit, down-only)
#---------------------------#
@pickups      = water-core(10),weapon-pellet(5),energy-capsule(1)
#---------------------------#
@encounters  = snapper(5),octone(5),shelln(1)
@groups[]    = no-encounters_da1-exit-buffer(5-1...7-3)
@groups[]    = no-encounters_da1s2-exit-buffer(4-11...6-13)
#---------------------------#
@terrain[]   = beach(oil-wells)
#---------------------------#
@habitats[]  = octone(water)
@habitats[]  = shelln(beach,water)
@habitats[]  = snapper(beach)
#---------------------------#
@bosses[]    = roaming-boss-1(5-10, bubble-man)
#---------------------------#
@items[]    = boss-star-1(5-10, water-star, bubble-man)
#---------------------------#
#---------------------------#
[__],[__],[__],[99],[99],[40],[99],[99],[99],[__],[__],[__],[__]
[__],[__],[99],[99],[99],[40],[99],[99],[99],[99],[99],[__],[__]
[__],[99],[99],[99],[40],[40],[40],[99],[99],[99],[99],[99],[__]
[__],[99],[99],[99],[40],[40],[40],[99],[40],[99],[99],[99],[__]
[__],[99],[40],[99],[40],[40],[40],[99],[99],[99],[99],[99],[__]
[__],[99],[40],[99],[99],[40],[40],[40],[99],[99],[99],[99],[__]
[__],[99],[99],[99],[99],[99],[40],[40],[40],[40],[99],[99],[__]
[__],[99],[99],[99],[99],[99],[40],[99],[99],[40],[99],[99],[__]
[__],[99],[99],[40],[99],[40],[40],[40],[40],[40],[99],[99],[__]
[__],[99],[99],[99],[40],[40],[99],[99],[99],[99],[99],[99],[__]
[__],[99],[99],[99],[40],[99],[99],[99],[99],[99],[99],[99],[__]
[__],[__],[99],[99],[40],[99],[99],[99],[99],[99],[99],[__],[__]
[__],[__],[__],[99],[40],[99],[__],[__],[99],[99],[__],[__],[__]
#---------------------------#
